[train] init from experiments/exp_train_A/checkpoint.pt: missing=5 unexpected=0
[train] stage=B adaptive=True params=0.235M
/home/mycode/ai_study/trac/training/train.py:85: UserWarning: Converting a tensor with requires_grad=True to a scalar may lead to unexpected behavior.
Consider using tensor.detach() first. (Triggered internally at /pytorch/torch/csrc/autograd/generated/python_variable_methods.cpp:836.)
  running[k] = running.get(k, 0.0) + float(v)
[stage B] ep 1 step 50/4366 loss 0.3662 det 0.1248 da 0.1353 lane 0.1061 budget 0.0000 128ms/step
[stage B] ep 1 step 100/4366 loss 0.3754 det 0.1255 da 0.1372 lane 0.1127 budget 0.0000 114ms/step
[stage B] ep 1 step 150/4366 loss 0.3628 det 0.1250 da 0.1304 lane 0.1074 budget 0.0000 109ms/step
[stage B] ep 1 step 200/4366 loss 0.3542 det 0.1241 da 0.1264 lane 0.1037 budget 0.0000 107ms/step
[stage B] ep 1 step 250/4366 loss 0.3432 det 0.1233 da 0.1206 lane 0.0994 budget 0.0000 105ms/step
[stage B] ep 1 step 300/4366 loss 0.3368 det 0.1230 da 0.1174 lane 0.0964 budget 0.0000 104ms/step
[stage B] ep 1 step 350/4366 loss 0.3302 det 0.1227 da 0.1138 lane 0.0937 budget 0.0000 104ms/step
[stage B] ep 1 step 400/4366 loss 0.3260 det 0.1226 da 0.1115 lane 0.0919 budget 0.0000 103ms/step
[stage B] ep 1 step 450/4366 loss 0.3219 det 0.1222 da 0.1091 lane 0.0906 budget 0.0000 103ms/step
[stage B] ep 1 step 500/4366 loss 0.3184 det 0.1220 da 0.1072 lane 0.0892 budget 0.0000 103ms/step
[stage B] ep 1 step 550/4366 loss 0.3151 det 0.1217 da 0.1054 lane 0.0880 budget 0.0000 102ms/step
[stage B] ep 1 step 600/4366 loss 0.3122 det 0.1216 da 0.1036 lane 0.0871 budget 0.0000 102ms/step
[stage B] ep 1 step 650/4366 loss 0.3091 det 0.1214 da 0.1017 lane 0.0860 budget 0.0000 102ms/step
[stage B] ep 1 step 700/4366 loss 0.3061 det 0.1211 da 0.1000 lane 0.0850 budget 0.0000 102ms/step
[stage B] ep 1 step 750/4366 loss 0.3036 det 0.1208 da 0.0987 lane 0.0841 budget 0.0000 102ms/step
[stage B] ep 1 step 800/4366 loss 0.3011 det 0.1207 da 0.0973 lane 0.0831 budget 0.0000 102ms/step
[stage B] ep 1 step 850/4366 loss 0.2992 det 0.1206 da 0.0961 lane 0.0825 budget 0.0000 102ms/step
[stage B] ep 1 step 900/4366 loss 0.2971 det 0.1203 da 0.0949 lane 0.0819 budget 0.0000 101ms/step
[stage B] ep 1 step 950/4366 loss 0.2954 det 0.1203 da 0.0938 lane 0.0813 budget 0.0000 101ms/step
[stage B] ep 1 step 1000/4366 loss 0.2939 det 0.1201 da 0.0929 lane 0.0808 budget 0.0000 101ms/step
[stage B] ep 1 step 1050/4366 loss 0.2924 det 0.1200 da 0.0921 lane 0.0803 budget 0.0000 101ms/step
[stage B] ep 1 step 1100/4366 loss 0.2909 det 0.1198 da 0.0911 lane 0.0799 budget 0.0000 101ms/step
[stage B] ep 1 step 1150/4366 loss 0.2895 det 0.1197 da 0.0904 lane 0.0794 budget 0.0000 101ms/step
[stage B] ep 1 step 1200/4366 loss 0.2881 det 0.1196 da 0.0895 lane 0.0790 budget 0.0000 101ms/step
[stage B] ep 1 step 1250/4366 loss 0.2869 det 0.1196 da 0.0888 lane 0.0786 budget 0.0000 101ms/step
[stage B] ep 1 step 1300/4366 loss 0.2855 det 0.1194 da 0.0880 lane 0.0781 budget 0.0000 101ms/step
[stage B] ep 1 step 1350/4366 loss 0.2846 det 0.1194 da 0.0875 lane 0.0778 budget 0.0000 101ms/step
[stage B] ep 1 step 1400/4366 loss 0.2837 det 0.1193 da 0.0870 lane 0.0774 budget 0.0000 101ms/step
[stage B] ep 1 step 1450/4366 loss 0.2825 det 0.1191 da 0.0863 lane 0.0770 budget 0.0000 101ms/step
[stage B] ep 1 step 1500/4366 loss 0.2816 det 0.1191 da 0.0858 lane 0.0767 budget 0.0000 101ms/step
[stage B] ep 1 step 1550/4366 loss 0.2806 det 0.1190 da 0.0853 lane 0.0763 budget 0.0000 101ms/step
[stage B] ep 1 step 1600/4366 loss 0.2798 det 0.1188 da 0.0849 lane 0.0761 budget 0.0000 101ms/step
[stage B] ep 1 step 1650/4366 loss 0.2792 det 0.1187 da 0.0846 lane 0.0758 budget 0.0000 101ms/step
[stage B] ep 1 step 1700/4366 loss 0.2784 det 0.1187 da 0.0842 lane 0.0755 budget 0.0000 101ms/step
[stage B] ep 1 step 1750/4366 loss 0.2776 det 0.1185 da 0.0838 lane 0.0753 budget 0.0000 101ms/step
[stage B] ep 1 step 1800/4366 loss 0.2770 det 0.1185 da 0.0835 lane 0.0750 budget 0.0000 101ms/step
[stage B] ep 1 step 1850/4366 loss 0.2764 det 0.1184 da 0.0831 lane 0.0748 budget 0.0000 101ms/step
[stage B] ep 1 step 1900/4366 loss 0.2759 det 0.1184 da 0.0828 lane 0.0746 budget 0.0000 101ms/step
[stage B] ep 1 step 1950/4366 loss 0.2752 det 0.1183 da 0.0825 lane 0.0744 budget 0.0000 101ms/step
[stage B] ep 1 step 2000/4366 loss 0.2743 det 0.1182 da 0.0820 lane 0.0742 budget 0.0000 101ms/step
[stage B] ep 1 step 2050/4366 loss 0.2739 det 0.1181 da 0.0817 lane 0.0741 budget 0.0000 101ms/step
[stage B] ep 1 step 2100/4366 loss 0.2734 det 0.1181 da 0.0815 lane 0.0738 budget 0.0000 101ms/step
[stage B] ep 1 step 2150/4366 loss 0.2729 det 0.1180 da 0.0812 lane 0.0737 budget 0.0000 101ms/step
[stage B] ep 1 step 2200/4366 loss 0.2726 det 0.1179 da 0.0811 lane 0.0736 budget 0.0000 101ms/step
[stage B] ep 1 step 2250/4366 loss 0.2721 det 0.1179 da 0.0807 lane 0.0735 budget 0.0000 101ms/step
[stage B] ep 1 step 2300/4366 loss 0.2718 det 0.1179 da 0.0805 lane 0.0734 budget 0.0000 101ms/step
[stage B] ep 1 step 2350/4366 loss 0.2713 det 0.1178 da 0.0802 lane 0.0732 budget 0.0000 101ms/step
[stage B] ep 1 step 2400/4366 loss 0.2707 det 0.1177 da 0.0800 lane 0.0730 budget 0.0000 101ms/step
[stage B] ep 1 step 2450/4366 loss 0.2704 det 0.1177 da 0.0799 lane 0.0729 budget 0.0000 101ms/step
[stage B] ep 1 step 2500/4366 loss 0.2702 det 0.1177 da 0.0797 lane 0.0728 budget 0.0000 101ms/step
[stage B] ep 1 step 2550/4366 loss 0.2699 det 0.1177 da 0.0796 lane 0.0726 budget 0.0000 101ms/step
[stage B] ep 1 step 2600/4366 loss 0.2694 det 0.1176 da 0.0794 lane 0.0725 budget 0.0000 101ms/step
[stage B] ep 1 step 2650/4366 loss 0.2692 det 0.1176 da 0.0792 lane 0.0724 budget 0.0000 100ms/step
[stage B] ep 1 step 2700/4366 loss 0.2688 det 0.1175 da 0.0790 lane 0.0723 budget 0.0000 100ms/step
[stage B] ep 1 step 2750/4366 loss 0.2685 det 0.1175 da 0.0788 lane 0.0721 budget 0.0000 100ms/step
[stage B] ep 1 step 2800/4366 loss 0.2682 det 0.1174 da 0.0787 lane 0.0721 budget 0.0000 100ms/step
[stage B] ep 1 step 2850/4366 loss 0.2679 det 0.1174 da 0.0785 lane 0.0720 budget 0.0000 100ms/step
[stage B] ep 1 step 2900/4366 loss 0.2675 det 0.1173 da 0.0783 lane 0.0719 budget 0.0000 100ms/step
[stage B] ep 1 step 2950/4366 loss 0.2672 det 0.1173 da 0.0781 lane 0.0718 budget 0.0000 100ms/step
[stage B] ep 1 step 3000/4366 loss 0.2669 det 0.1172 da 0.0780 lane 0.0717 budget 0.0000 100ms/step
[stage B] ep 1 step 3050/4366 loss 0.2666 det 0.1172 da 0.0779 lane 0.0716 budget 0.0000 100ms/step
[stage B] ep 1 step 3100/4366 loss 0.2664 det 0.1172 da 0.0778 lane 0.0714 budget 0.0000 100ms/step
[stage B] ep 1 step 3150/4366 loss 0.2661 det 0.1171 da 0.0776 lane 0.0714 budget 0.0000 100ms/step
[stage B] ep 1 step 3200/4366 loss 0.2658 det 0.1171 da 0.0775 lane 0.0713 budget 0.0000 100ms/step
[stage B] ep 1 step 3250/4366 loss 0.2656 det 0.1170 da 0.0774 lane 0.0712 budget 0.0000 100ms/step
[stage B] ep 1 step 3300/4366 loss 0.2653 det 0.1170 da 0.0772 lane 0.0711 budget 0.0000 100ms/step
[stage B] ep 1 step 3350/4366 loss 0.2650 det 0.1169 da 0.0771 lane 0.0709 budget 0.0000 100ms/step
[stage B] ep 1 step 3400/4366 loss 0.2649 det 0.1170 da 0.0770 lane 0.0709 budget 0.0000 100ms/step
[stage B] ep 1 step 3450/4366 loss 0.2646 det 0.1169 da 0.0769 lane 0.0708 budget 0.0000 100ms/step
[stage B] ep 1 step 3500/4366 loss 0.2645 det 0.1169 da 0.0768 lane 0.0707 budget 0.0000 100ms/step
[stage B] ep 1 step 3550/4366 loss 0.2643 det 0.1169 da 0.0767 lane 0.0707 budget 0.0000 100ms/step
[stage B] ep 1 step 3600/4366 loss 0.2641 det 0.1169 da 0.0766 lane 0.0706 budget 0.0000 100ms/step
[stage B] ep 1 step 3650/4366 loss 0.2639 det 0.1168 da 0.0765 lane 0.0705 budget 0.0000 100ms/step
[stage B] ep 1 step 3700/4366 loss 0.2637 det 0.1168 da 0.0764 lane 0.0705 budget 0.0000 100ms/step
[stage B] ep 1 step 3750/4366 loss 0.2635 det 0.1168 da 0.0763 lane 0.0704 budget 0.0000 100ms/step
[stage B] ep 1 step 3800/4366 loss 0.2634 det 0.1167 da 0.0763 lane 0.0704 budget 0.0000 100ms/step
[stage B] ep 1 step 3850/4366 loss 0.2631 det 0.1167 da 0.0761 lane 0.0703 budget 0.0000 100ms/step
[stage B] ep 1 step 3900/4366 loss 0.2630 det 0.1167 da 0.0761 lane 0.0702 budget 0.0000 100ms/step
[stage B] ep 1 step 3950/4366 loss 0.2627 det 0.1167 da 0.0759 lane 0.0701 budget 0.0000 100ms/step
[stage B] ep 1 step 4000/4366 loss 0.2626 det 0.1166 da 0.0759 lane 0.0700 budget 0.0000 100ms/step
[stage B] ep 1 step 4050/4366 loss 0.2624 det 0.1166 da 0.0758 lane 0.0700 budget 0.0000 100ms/step
[stage B] ep 1 step 4100/4366 loss 0.2622 det 0.1166 da 0.0757 lane 0.0699 budget 0.0000 100ms/step
[stage B] ep 1 step 4150/4366 loss 0.2620 det 0.1165 da 0.0757 lane 0.0698 budget 0.0000 100ms/step
[stage B] ep 1 step 4200/4366 loss 0.2618 det 0.1165 da 0.0756 lane 0.0697 budget 0.0000 100ms/step
[stage B] ep 1 step 4250/4366 loss 0.2615 det 0.1164 da 0.0755 lane 0.0696 budget 0.0000 100ms/step
[stage B] ep 1 step 4300/4366 loss 0.2614 det 0.1164 da 0.0754 lane 0.0696 budget 0.0000 100ms/step
[stage B] ep 1 step 4350/4366 loss 0.2612 det 0.1164 da 0.0753 lane 0.0695 budget 0.0000 100ms/step
[stage B] ep 1 DONE avg_loss=0.2611 saved experiments/revised/exp_U/checkpoint.pt
[stage B] ep 2 step 50/4366 loss 0.2476 det 0.1136 da 0.0701 lane 0.0640 budget 0.0000 112ms/step
[stage B] ep 2 step 100/4366 loss 0.2464 det 0.1136 da 0.0675 lane 0.0653 budget 0.0000 107ms/step
[stage B] ep 2 step 150/4366 loss 0.2487 det 0.1145 da 0.0684 lane 0.0657 budget 0.0000 106ms/step
[stage B] ep 2 step 200/4366 loss 0.2478 det 0.1144 da 0.0685 lane 0.0648 budget 0.0000 106ms/step
[stage B] ep 2 step 250/4366 loss 0.2471 det 0.1144 da 0.0686 lane 0.0641 budget 0.0000 105ms/step
[stage B] ep 2 step 300/4366 loss 0.2475 det 0.1144 da 0.0692 lane 0.0639 budget 0.0000 105ms/step
[stage B] ep 2 step 350/4366 loss 0.2480 det 0.1144 da 0.0693 lane 0.0642 budget 0.0000 105ms/step
[stage B] ep 2 step 400/4366 loss 0.2482 det 0.1145 da 0.0692 lane 0.0644 budget 0.0000 105ms/step
[stage B] ep 2 step 450/4366 loss 0.2478 det 0.1146 da 0.0687 lane 0.0645 budget 0.0000 104ms/step
[stage B] ep 2 step 500/4366 loss 0.2476 det 0.1145 da 0.0685 lane 0.0647 budget 0.0000 104ms/step
[stage B] ep 2 step 550/4366 loss 0.2474 det 0.1145 da 0.0682 lane 0.0648 budget 0.0000 104ms/step
[stage B] ep 2 step 600/4366 loss 0.2478 det 0.1145 da 0.0685 lane 0.0648 budget 0.0000 104ms/step
[stage B] ep 2 step 650/4366 loss 0.2478 det 0.1145 da 0.0686 lane 0.0647 budget 0.0000 104ms/step
[stage B] ep 2 step 700/4366 loss 0.2481 det 0.1147 da 0.0686 lane 0.0648 budget 0.0000 104ms/step
[stage B] ep 2 step 750/4366 loss 0.2482 det 0.1147 da 0.0686 lane 0.0649 budget 0.0000 104ms/step
[stage B] ep 2 step 800/4366 loss 0.2483 det 0.1148 da 0.0687 lane 0.0649 budget 0.0000 104ms/step
[stage B] ep 2 step 850/4366 loss 0.2483 det 0.1147 da 0.0688 lane 0.0649 budget 0.0000 104ms/step
[stage B] ep 2 step 900/4366 loss 0.2483 det 0.1146 da 0.0688 lane 0.0649 budget 0.0000 104ms/step
[stage B] ep 2 step 950/4366 loss 0.2481 det 0.1147 da 0.0687 lane 0.0648 budget 0.0000 104ms/step
[stage B] ep 2 step 1000/4366 loss 0.2483 det 0.1147 da 0.0688 lane 0.0648 budget 0.0000 103ms/step
[stage B] ep 2 step 1050/4366 loss 0.2482 det 0.1147 da 0.0688 lane 0.0648 budget 0.0000 103ms/step
[stage B] ep 2 step 1100/4366 loss 0.2483 det 0.1146 da 0.0689 lane 0.0648 budget 0.0000 103ms/step
[stage B] ep 2 step 1150/4366 loss 0.2479 det 0.1145 da 0.0687 lane 0.0647 budget 0.0000 103ms/step
[stage B] ep 2 step 1200/4366 loss 0.2479 det 0.1146 da 0.0686 lane 0.0647 budget 0.0000 103ms/step
[stage B] ep 2 step 1250/4366 loss 0.2480 det 0.1146 da 0.0686 lane 0.0648 budget 0.0000 103ms/step
[stage B] ep 2 step 1300/4366 loss 0.2479 det 0.1145 da 0.0686 lane 0.0648 budget 0.0000 103ms/step
[stage B] ep 2 step 1350/4366 loss 0.2479 det 0.1145 da 0.0686 lane 0.0648 budget 0.0000 103ms/step
[stage B] ep 2 step 1400/4366 loss 0.2479 det 0.1145 da 0.0687 lane 0.0647 budget 0.0000 103ms/step
[stage B] ep 2 step 1450/4366 loss 0.2478 det 0.1144 da 0.0687 lane 0.0647 budget 0.0000 103ms/step
[stage B] ep 2 step 1500/4366 loss 0.2477 det 0.1144 da 0.0686 lane 0.0646 budget 0.0000 103ms/step
[stage B] ep 2 step 1550/4366 loss 0.2476 det 0.1144 da 0.0686 lane 0.0646 budget 0.0000 103ms/step
[stage B] ep 2 step 1600/4366 loss 0.2476 det 0.1144 da 0.0686 lane 0.0646 budget 0.0000 103ms/step
[stage B] ep 2 step 1650/4366 loss 0.2476 det 0.1143 da 0.0686 lane 0.0646 budget 0.0000 103ms/step
[stage B] ep 2 step 1700/4366 loss 0.2476 det 0.1143 da 0.0686 lane 0.0646 budget 0.0000 103ms/step
[stage B] ep 2 step 1750/4366 loss 0.2474 det 0.1143 da 0.0685 lane 0.0646 budget 0.0000 103ms/step
[stage B] ep 2 step 1800/4366 loss 0.2474 det 0.1143 da 0.0685 lane 0.0645 budget 0.0000 103ms/step
[stage B] ep 2 step 1850/4366 loss 0.2473 det 0.1143 da 0.0685 lane 0.0645 budget 0.0000 103ms/step
[stage B] ep 2 step 1900/4366 loss 0.2473 det 0.1143 da 0.0685 lane 0.0645 budget 0.0000 103ms/step
[stage B] ep 2 step 1950/4366 loss 0.2472 det 0.1143 da 0.0684 lane 0.0645 budget 0.0000 103ms/step
[stage B] ep 2 step 2000/4366 loss 0.2472 det 0.1143 da 0.0684 lane 0.0645 budget 0.0000 103ms/step
[stage B] ep 2 step 2050/4366 loss 0.2471 det 0.1143 da 0.0683 lane 0.0645 budget 0.0000 103ms/step
[stage B] ep 2 step 2100/4366 loss 0.2471 det 0.1143 da 0.0683 lane 0.0645 budget 0.0000 103ms/step
[stage B] ep 2 step 2150/4366 loss 0.2471 det 0.1143 da 0.0683 lane 0.0646 budget 0.0000 103ms/step
[stage B] ep 2 step 2200/4366 loss 0.2472 det 0.1143 da 0.0683 lane 0.0646 budget 0.0000 103ms/step
[stage B] ep 2 step 2250/4366 loss 0.2471 det 0.1142 da 0.0683 lane 0.0645 budget 0.0000 103ms/step
[stage B] ep 2 step 2300/4366 loss 0.2469 det 0.1142 da 0.0683 lane 0.0645 budget 0.0000 103ms/step
[stage B] ep 2 step 2350/4366 loss 0.2468 det 0.1142 da 0.0682 lane 0.0644 budget 0.0000 103ms/step
[stage B] ep 2 step 2400/4366 loss 0.2468 det 0.1142 da 0.0682 lane 0.0644 budget 0.0000 103ms/step
[stage B] ep 2 step 2450/4366 loss 0.2469 det 0.1142 da 0.0682 lane 0.0645 budget 0.0000 103ms/step
[stage B] ep 2 step 2500/4366 loss 0.2469 det 0.1142 da 0.0682 lane 0.0644 budget 0.0000 103ms/step
[stage B] ep 2 step 2550/4366 loss 0.2468 det 0.1142 da 0.0682 lane 0.0644 budget 0.0000 103ms/step
[stage B] ep 2 step 2600/4366 loss 0.2468 det 0.1142 da 0.0682 lane 0.0644 budget 0.0000 103ms/step
[stage B] ep 2 step 2650/4366 loss 0.2467 det 0.1142 da 0.0681 lane 0.0643 budget 0.0000 103ms/step
[stage B] ep 2 step 2700/4366 loss 0.2467 det 0.1142 da 0.0681 lane 0.0643 budget 0.0000 103ms/step
[stage B] ep 2 step 2750/4366 loss 0.2466 det 0.1142 da 0.0681 lane 0.0643 budget 0.0000 103ms/step
[stage B] ep 2 step 2800/4366 loss 0.2465 det 0.1142 da 0.0681 lane 0.0643 budget 0.0000 103ms/step
[stage B] ep 2 step 2850/4366 loss 0.2465 det 0.1142 da 0.0681 lane 0.0643 budget 0.0000 103ms/step
[stage B] ep 2 step 2900/4366 loss 0.2465 det 0.1142 da 0.0680 lane 0.0643 budget 0.0000 103ms/step
[stage B] ep 2 step 2950/4366 loss 0.2464 det 0.1142 da 0.0680 lane 0.0643 budget 0.0000 103ms/step
[stage B] ep 2 step 3000/4366 loss 0.2465 det 0.1142 da 0.0680 lane 0.0643 budget 0.0000 103ms/step
[stage B] ep 2 step 3050/4366 loss 0.2464 det 0.1142 da 0.0680 lane 0.0642 budget 0.0000 103ms/step
[stage B] ep 2 step 3100/4366 loss 0.2464 det 0.1142 da 0.0680 lane 0.0642 budget 0.0000 103ms/step
[stage B] ep 2 step 3150/4366 loss 0.2465 det 0.1142 da 0.0680 lane 0.0643 budget 0.0000 102ms/step
[stage B] ep 2 step 3200/4366 loss 0.2465 det 0.1142 da 0.0680 lane 0.0643 budget 0.0000 102ms/step
[stage B] ep 2 step 3250/4366 loss 0.2464 det 0.1142 da 0.0680 lane 0.0642 budget 0.0000 102ms/step
[stage B] ep 2 step 3300/4366 loss 0.2465 det 0.1142 da 0.0680 lane 0.0642 budget 0.0000 102ms/step
[stage B] ep 2 step 3350/4366 loss 0.2465 det 0.1142 da 0.0681 lane 0.0643 budget 0.0000 102ms/step
[stage B] ep 2 step 3400/4366 loss 0.2465 det 0.1142 da 0.0681 lane 0.0642 budget 0.0000 102ms/step
[stage B] ep 2 step 3450/4366 loss 0.2466 det 0.1142 da 0.0681 lane 0.0642 budget 0.0000 102ms/step
[stage B] ep 2 step 3500/4366 loss 0.2465 det 0.1142 da 0.0681 lane 0.0642 budget 0.0000 102ms/step
[stage B] ep 2 step 3550/4366 loss 0.2464 det 0.1142 da 0.0680 lane 0.0642 budget 0.0000 102ms/step
[stage B] ep 2 step 3600/4366 loss 0.2464 det 0.1142 da 0.0680 lane 0.0642 budget 0.0000 102ms/step
[stage B] ep 2 step 3650/4366 loss 0.2465 det 0.1142 da 0.0680 lane 0.0642 budget 0.0000 102ms/step
[stage B] ep 2 step 3700/4366 loss 0.2465 det 0.1142 da 0.0680 lane 0.0642 budget 0.0000 102ms/step
[stage B] ep 2 step 3750/4366 loss 0.2464 det 0.1142 da 0.0681 lane 0.0642 budget 0.0000 102ms/step
[stage B] ep 2 step 3800/4366 loss 0.2464 det 0.1142 da 0.0681 lane 0.0642 budget 0.0000 102ms/step
[stage B] ep 2 step 3850/4366 loss 0.2464 det 0.1142 da 0.0681 lane 0.0642 budget 0.0000 102ms/step
[stage B] ep 2 step 3900/4366 loss 0.2464 det 0.1141 da 0.0681 lane 0.0642 budget 0.0000 102ms/step
[stage B] ep 2 step 3950/4366 loss 0.2464 det 0.1141 da 0.0681 lane 0.0641 budget 0.0000 102ms/step
[stage B] ep 2 step 4000/4366 loss 0.2463 det 0.1141 da 0.0681 lane 0.0641 budget 0.0000 102ms/step
[stage B] ep 2 step 4050/4366 loss 0.2464 det 0.1141 da 0.0681 lane 0.0641 budget 0.0000 102ms/step
[stage B] ep 2 step 4100/4366 loss 0.2463 det 0.1141 da 0.0681 lane 0.0641 budget 0.0000 102ms/step
[stage B] ep 2 step 4150/4366 loss 0.2463 det 0.1141 da 0.0681 lane 0.0641 budget 0.0000 102ms/step
[stage B] ep 2 step 4200/4366 loss 0.2463 det 0.1141 da 0.0680 lane 0.0641 budget 0.0000 102ms/step
[stage B] ep 2 step 4250/4366 loss 0.2463 det 0.1141 da 0.0681 lane 0.0641 budget 0.0000 102ms/step
[stage B] ep 2 step 4300/4366 loss 0.2462 det 0.1141 da 0.0680 lane 0.0641 budget 0.0000 102ms/step
[stage B] ep 2 step 4350/4366 loss 0.2462 det 0.1141 da 0.0680 lane 0.0641 budget 0.0000 102ms/step
[stage B] ep 2 DONE avg_loss=0.2462 saved experiments/revised/exp_U/checkpoint.pt
[train] done -> experiments/revised/exp_U
