[ours] loaded experiments/exp_train_D/checkpoint.pt: missing=0 unexpected=0
[profile] params=0.235M flops=0.819G lat=5.33ms fps=187.6 mem=36.3MiB
  [1000/10000] fwd 7.2ms/img elapsed 22s
  [2000/10000] fwd 7.5ms/img elapsed 45s
  [3000/10000] fwd 7.6ms/img elapsed 68s
  [4000/10000] fwd 7.6ms/img elapsed 91s
  [5000/10000] fwd 7.5ms/img elapsed 113s
  [6000/10000] fwd 7.5ms/img elapsed 135s
  [7000/10000] fwd 7.5ms/img elapsed 157s
  [8000/10000] fwd 7.4ms/img elapsed 179s
  [9000/10000] fwd 7.4ms/img elapsed 201s
  [10000/10000] fwd 7.4ms/img elapsed 224s
[eval] 10000 images, forward 7.4ms/img (CUDA-synced), total 224s
{
  "model": "OursDynamic-experiments/exp_train_D/checkpoint.pt",
  "split": "tri_val",
  "input_size": [
    640,
    640
  ],
  "eval_fwd_ms": 7.408,
  "eval_fps": 134.98,
  "mAP50": 0.2431,
  "mAP50_95": 0.0781,
  "det_n_gt": 108363,
  "det_n_pred": 2736656,
  "da_pixel_acc": 0.9426,
  "da_fg_iou": 0.7449,
  "da_mIoU": 0.838,
  "lane_pixel_acc": 0.9842,
  "lane_fg_iou": 0.1679,
  "lane_mIoU": 0.576,
  "lane_line_acc": 0.6874,
  "parameters": 235176,
  "flops": 818774272.0,
  "model_size_mb": 0.941,
  "avg_latency_ms": 5.33,
  "p50_latency_ms": 3.363,
  "p95_latency_ms": 9.577,
  "fps": 187.6,
  "gpu_memory_mib": 36.3
}
allocation stats (per-task budget index distribution):
  det : {0: 5849, 1: 2736, 2: 1415}
  da  : {0: 3996, 1: 4060, 2: 1944}
  lane: {0: 5389, 1: 2911, 2: 1700}
saved -> experiments/exp_static_vs_dynamic/dynamic/metrics.json
