[ours] loaded experiments/exp_train_D/checkpoint.pt: missing=0 unexpected=0
[profile] params=0.235M flops=0.819G lat=5.67ms fps=176.4 mem=36.3MiB
  [1000/10000] fwd 6.5ms/img elapsed 20s
  [2000/10000] fwd 6.9ms/img elapsed 42s
  [3000/10000] fwd 7.0ms/img elapsed 64s
  [4000/10000] fwd 7.0ms/img elapsed 85s
  [5000/10000] fwd 7.0ms/img elapsed 106s
  [6000/10000] fwd 7.1ms/img elapsed 128s
  [7000/10000] fwd 7.1ms/img elapsed 149s
  [8000/10000] fwd 7.1ms/img elapsed 171s
  [9000/10000] fwd 7.1ms/img elapsed 192s
  [10000/10000] fwd 7.1ms/img elapsed 214s
[eval] 10000 images, forward 7.1ms/img (CUDA-synced), total 214s
{
  "model": "OursDynamic-experiments/exp_train_D/checkpoint.pt",
  "split": "tri_val",
  "input_size": [
    640,
    640
  ],
  "eval_fwd_ms": 7.085,
  "eval_fps": 141.15,
  "mAP50": 0.2613,
  "mAP50_95": 0.0863,
  "det_n_gt": 108363,
  "det_n_pred": 2513410,
  "da_pixel_acc": 0.9494,
  "da_fg_iou": 0.7683,
  "da_mIoU": 0.8537,
  "lane_pixel_acc": 0.9735,
  "lane_fg_iou": 0.1841,
  "lane_mIoU": 0.5787,
  "lane_line_acc": 0.8495,
  "parameters": 235176,
  "flops": 818774272.0,
  "model_size_mb": 0.941,
  "avg_latency_ms": 5.668,
  "p50_latency_ms": 3.593,
  "p95_latency_ms": 9.88,
  "fps": 176.42,
  "gpu_memory_mib": 36.3
}
allocation stats (per-task budget index distribution):
  det : {2: 10000}
  da  : {2: 10000}
  lane: {2: 10000}
saved -> experiments/exp_static_vs_dynamic/static_large/metrics.json
