[train] init from experiments/expI_kd_dynamic/fairD_C/checkpoint.pt: loaded 261/261 keys missing=0 unexpected=0
[train] stage=D adaptive=True params=0.235M
/home/mycode/ai_study/trac/training/train.py:138: UserWarning: Converting a tensor with requires_grad=True to a scalar may lead to unexpected behavior.
Consider using tensor.detach() first. (Triggered internally at /pytorch/torch/csrc/autograd/generated/python_variable_methods.cpp:836.)
  running[k] = running.get(k, 0.0) + float(v)
[stage D] ep 1 step 50/4366 loss 0.6122 det 0.1075 da 0.0598 lane 0.0583 budget 0.3867  173ms/step
[stage D] ep 1 step 100/4366 loss 0.4893 det 0.1103 da 0.0616 lane 0.0575 budget 0.2599  158ms/step
[stage D] ep 1 step 150/4366 loss 0.4089 det 0.1115 da 0.0633 lane 0.0585 budget 0.1756  154ms/step
[stage D] ep 1 step 200/4366 loss 0.3658 det 0.1119 da 0.0634 lane 0.0588 budget 0.1318  151ms/step
[stage D] ep 1 step 250/4366 loss 0.3399 det 0.1116 da 0.0636 lane 0.0591 budget 0.1057  149ms/step
[stage D] ep 1 step 300/4366 loss 0.3221 det 0.1115 da 0.0635 lane 0.0590 budget 0.0882  148ms/step
[stage D] ep 1 step 350/4366 loss 0.3094 det 0.1113 da 0.0637 lane 0.0587 budget 0.0757  148ms/step
[stage D] ep 1 step 400/4366 loss 0.2993 det 0.1109 da 0.0634 lane 0.0587 budget 0.0663  147ms/step
[stage D] ep 1 step 450/4366 loss 0.2909 det 0.1107 da 0.0629 lane 0.0584 budget 0.0590  147ms/step
[stage D] ep 1 step 500/4366 loss 0.2844 det 0.1105 da 0.0625 lane 0.0582 budget 0.0532  147ms/step
[stage D] ep 1 step 550/4366 loss 0.2790 det 0.1102 da 0.0623 lane 0.0581 budget 0.0484  147ms/step
[stage D] ep 1 step 600/4366 loss 0.2749 det 0.1100 da 0.0624 lane 0.0580 budget 0.0444  146ms/step
[stage D] ep 1 step 650/4366 loss 0.2715 det 0.1098 da 0.0625 lane 0.0581 budget 0.0410  146ms/step
[stage D] ep 1 step 700/4366 loss 0.2686 det 0.1097 da 0.0627 lane 0.0580 budget 0.0381  146ms/step
[stage D] ep 1 step 750/4366 loss 0.2660 det 0.1095 da 0.0627 lane 0.0581 budget 0.0356  146ms/step
[stage D] ep 1 step 800/4366 loss 0.2632 det 0.1094 da 0.0624 lane 0.0580 budget 0.0334  146ms/step
[stage D] ep 1 step 850/4366 loss 0.2611 det 0.1092 da 0.0623 lane 0.0580 budget 0.0315  146ms/step
[stage D] ep 1 step 900/4366 loss 0.2591 det 0.1091 da 0.0621 lane 0.0580 budget 0.0298  146ms/step
[stage D] ep 1 step 950/4366 loss 0.2575 det 0.1091 da 0.0621 lane 0.0580 budget 0.0283  146ms/step
[stage D] ep 1 step 1000/4366 loss 0.2559 det 0.1089 da 0.0620 lane 0.0580 budget 0.0269  146ms/step
[stage D] ep 1 step 1050/4366 loss 0.2544 det 0.1089 da 0.0619 lane 0.0580 budget 0.0256  146ms/step
[stage D] ep 1 step 1100/4366 loss 0.2531 det 0.1088 da 0.0619 lane 0.0580 budget 0.0245  145ms/step
[stage D] ep 1 step 1150/4366 loss 0.2520 det 0.1087 da 0.0618 lane 0.0581 budget 0.0235  145ms/step
[stage D] ep 1 step 1200/4366 loss 0.2509 det 0.1086 da 0.0617 lane 0.0581 budget 0.0225  145ms/step
[stage D] ep 1 step 1250/4366 loss 0.2499 det 0.1086 da 0.0617 lane 0.0581 budget 0.0216  145ms/step
[stage D] ep 1 step 1300/4366 loss 0.2489 det 0.1085 da 0.0616 lane 0.0580 budget 0.0208  145ms/step
[stage D] ep 1 step 1350/4366 loss 0.2481 det 0.1085 da 0.0616 lane 0.0579 budget 0.0200  146ms/step
[stage D] ep 1 step 1400/4366 loss 0.2473 det 0.1084 da 0.0616 lane 0.0579 budget 0.0193  146ms/step
[stage D] ep 1 step 1450/4366 loss 0.2465 det 0.1084 da 0.0616 lane 0.0579 budget 0.0187  145ms/step
[stage D] ep 1 step 1500/4366 loss 0.2458 det 0.1083 da 0.0616 lane 0.0579 budget 0.0181  145ms/step
[stage D] ep 1 step 1550/4366 loss 0.2451 det 0.1082 da 0.0615 lane 0.0578 budget 0.0175  145ms/step
[stage D] ep 1 step 1600/4366 loss 0.2444 det 0.1082 da 0.0615 lane 0.0577 budget 0.0170  145ms/step
[stage D] ep 1 step 1650/4366 loss 0.2439 det 0.1081 da 0.0616 lane 0.0576 budget 0.0165  145ms/step
[stage D] ep 1 step 1700/4366 loss 0.2431 det 0.1081 da 0.0614 lane 0.0576 budget 0.0160  145ms/step
[stage D] ep 1 step 1750/4366 loss 0.2427 det 0.1080 da 0.0615 lane 0.0576 budget 0.0156  145ms/step
[stage D] ep 1 step 1800/4366 loss 0.2422 det 0.1080 da 0.0614 lane 0.0576 budget 0.0152  145ms/step
[stage D] ep 1 step 1850/4366 loss 0.2418 det 0.1080 da 0.0615 lane 0.0576 budget 0.0148  145ms/step
[stage D] ep 1 step 1900/4366 loss 0.2414 det 0.1079 da 0.0614 lane 0.0577 budget 0.0144  145ms/step
[stage D] ep 1 step 1950/4366 loss 0.2410 det 0.1079 da 0.0614 lane 0.0577 budget 0.0140  145ms/step
[stage D] ep 1 step 2000/4366 loss 0.2406 det 0.1079 da 0.0613 lane 0.0577 budget 0.0137  145ms/step
[stage D] ep 1 step 2050/4366 loss 0.2402 det 0.1079 da 0.0613 lane 0.0576 budget 0.0134  145ms/step
[stage D] ep 1 step 2100/4366 loss 0.2398 det 0.1079 da 0.0612 lane 0.0576 budget 0.0131  145ms/step
[stage D] ep 1 step 2150/4366 loss 0.2395 det 0.1078 da 0.0612 lane 0.0576 budget 0.0128  145ms/step
[stage D] ep 1 step 2200/4366 loss 0.2391 det 0.1078 da 0.0612 lane 0.0576 budget 0.0125  145ms/step
[stage D] ep 1 step 2250/4366 loss 0.2389 det 0.1078 da 0.0612 lane 0.0576 budget 0.0123  145ms/step
[stage D] ep 1 step 2300/4366 loss 0.2386 det 0.1078 da 0.0612 lane 0.0576 budget 0.0120  145ms/step
[stage D] ep 1 step 2350/4366 loss 0.2384 det 0.1078 da 0.0612 lane 0.0576 budget 0.0118  145ms/step
[stage D] ep 1 step 2400/4366 loss 0.2382 det 0.1078 da 0.0612 lane 0.0577 budget 0.0115  145ms/step
[stage D] ep 1 step 2450/4366 loss 0.2378 det 0.1077 da 0.0612 lane 0.0576 budget 0.0113  145ms/step
[stage D] ep 1 step 2500/4366 loss 0.2375 det 0.1077 da 0.0611 lane 0.0576 budget 0.0111  145ms/step
[stage D] ep 1 step 2550/4366 loss 0.2373 det 0.1077 da 0.0611 lane 0.0576 budget 0.0109  145ms/step
[stage D] ep 1 step 2600/4366 loss 0.2370 det 0.1076 da 0.0611 lane 0.0576 budget 0.0107  145ms/step
[stage D] ep 1 step 2650/4366 loss 0.2367 det 0.1076 da 0.0610 lane 0.0576 budget 0.0105  145ms/step
[stage D] ep 1 step 2700/4366 loss 0.2365 det 0.1076 da 0.0610 lane 0.0576 budget 0.0103  145ms/step
[stage D] ep 1 step 2750/4366 loss 0.2362 det 0.1076 da 0.0610 lane 0.0575 budget 0.0101  145ms/step
[stage D] ep 1 step 2800/4366 loss 0.2361 det 0.1076 da 0.0610 lane 0.0576 budget 0.0099  145ms/step
[stage D] ep 1 step 2850/4366 loss 0.2359 det 0.1075 da 0.0610 lane 0.0576 budget 0.0098  145ms/step
[stage D] ep 1 step 2900/4366 loss 0.2357 det 0.1075 da 0.0610 lane 0.0576 budget 0.0096  145ms/step
[stage D] ep 1 step 2950/4366 loss 0.2356 det 0.1075 da 0.0610 lane 0.0576 budget 0.0094  145ms/step
[stage D] ep 1 step 3000/4366 loss 0.2354 det 0.1075 da 0.0610 lane 0.0576 budget 0.0093  145ms/step
[stage D] ep 1 step 3050/4366 loss 0.2353 det 0.1075 da 0.0610 lane 0.0576 budget 0.0092  145ms/step
[stage D] ep 1 step 3100/4366 loss 0.2351 det 0.1075 da 0.0610 lane 0.0576 budget 0.0090  145ms/step
[stage D] ep 1 step 3150/4366 loss 0.2350 det 0.1075 da 0.0610 lane 0.0576 budget 0.0089  145ms/step
[stage D] ep 1 step 3200/4366 loss 0.2348 det 0.1075 da 0.0610 lane 0.0576 budget 0.0088  145ms/step
[stage D] ep 1 step 3250/4366 loss 0.2347 det 0.1075 da 0.0610 lane 0.0576 budget 0.0086  145ms/step
[stage D] ep 1 step 3300/4366 loss 0.2345 det 0.1075 da 0.0610 lane 0.0576 budget 0.0085  145ms/step
[stage D] ep 1 step 3350/4366 loss 0.2344 det 0.1074 da 0.0610 lane 0.0576 budget 0.0084  145ms/step
[stage D] ep 1 step 3400/4366 loss 0.2342 det 0.1074 da 0.0610 lane 0.0575 budget 0.0083  146ms/step
[stage D] ep 1 step 3450/4366 loss 0.2341 det 0.1074 da 0.0610 lane 0.0575 budget 0.0082  146ms/step
[stage D] ep 1 step 3500/4366 loss 0.2340 det 0.1074 da 0.0611 lane 0.0575 budget 0.0080  146ms/step
[stage D] ep 1 step 3550/4366 loss 0.2339 det 0.1074 da 0.0610 lane 0.0575 budget 0.0079  146ms/step
[stage D] ep 1 step 3600/4366 loss 0.2338 det 0.1074 da 0.0610 lane 0.0575 budget 0.0078  146ms/step
[stage D] ep 1 step 3650/4366 loss 0.2336 det 0.1074 da 0.0610 lane 0.0575 budget 0.0077  146ms/step
[stage D] ep 1 step 3700/4366 loss 0.2335 det 0.1074 da 0.0610 lane 0.0575 budget 0.0076  146ms/step
[stage D] ep 1 step 3750/4366 loss 0.2334 det 0.1073 da 0.0610 lane 0.0575 budget 0.0075  146ms/step
[stage D] ep 1 step 3800/4366 loss 0.2333 det 0.1073 da 0.0610 lane 0.0575 budget 0.0074  146ms/step
[stage D] ep 1 step 3850/4366 loss 0.2332 det 0.1073 da 0.0610 lane 0.0575 budget 0.0073  146ms/step
[stage D] ep 1 step 3900/4366 loss 0.2330 det 0.1073 da 0.0610 lane 0.0575 budget 0.0073  146ms/step
[stage D] ep 1 step 3950/4366 loss 0.2329 det 0.1073 da 0.0609 lane 0.0575 budget 0.0072  146ms/step
[stage D] ep 1 step 4000/4366 loss 0.2328 det 0.1073 da 0.0609 lane 0.0575 budget 0.0071  146ms/step
[stage D] ep 1 step 4050/4366 loss 0.2327 det 0.1072 da 0.0609 lane 0.0575 budget 0.0070  146ms/step
[stage D] ep 1 step 4100/4366 loss 0.2326 det 0.1072 da 0.0609 lane 0.0575 budget 0.0069  146ms/step
[stage D] ep 1 step 4150/4366 loss 0.2325 det 0.1072 da 0.0609 lane 0.0575 budget 0.0069  146ms/step
[stage D] ep 1 step 4200/4366 loss 0.2324 det 0.1072 da 0.0609 lane 0.0575 budget 0.0068  146ms/step
[stage D] ep 1 step 4250/4366 loss 0.2324 det 0.1072 da 0.0609 lane 0.0575 budget 0.0067  146ms/step
[stage D] ep 1 step 4300/4366 loss 0.2322 det 0.1072 da 0.0609 lane 0.0575 budget 0.0066  146ms/step
[stage D] ep 1 step 4350/4366 loss 0.2321 det 0.1072 da 0.0608 lane 0.0575 budget 0.0066  146ms/step
[stage D] ep 1 DONE avg_loss=0.2321 saved experiments/expI_kd_dynamic/fairD_D/checkpoint.pt
[stage D] ep 2 step 50/4366 loss 0.2250 det 0.1062 da 0.0615 lane 0.0568 budget 0.0005  157ms/step
[stage D] ep 2 step 100/4366 loss 0.2233 det 0.1061 da 0.0594 lane 0.0573 budget 0.0005  153ms/step
[stage D] ep 2 step 150/4366 loss 0.2229 det 0.1065 da 0.0593 lane 0.0566 budget 0.0005  151ms/step
[stage D] ep 2 step 200/4366 loss 0.2230 det 0.1062 da 0.0592 lane 0.0571 budget 0.0005  151ms/step
[stage D] ep 2 step 250/4366 loss 0.2230 det 0.1065 da 0.0589 lane 0.0571 budget 0.0005  150ms/step
[stage D] ep 2 step 300/4366 loss 0.2231 det 0.1063 da 0.0593 lane 0.0571 budget 0.0005  150ms/step
[stage D] ep 2 step 350/4366 loss 0.2235 det 0.1064 da 0.0594 lane 0.0572 budget 0.0005  150ms/step
[stage D] ep 2 step 400/4366 loss 0.2232 det 0.1064 da 0.0592 lane 0.0571 budget 0.0005  150ms/step
[stage D] ep 2 step 450/4366 loss 0.2231 det 0.1063 da 0.0594 lane 0.0569 budget 0.0005  149ms/step
[stage D] ep 2 step 500/4366 loss 0.2234 det 0.1064 da 0.0595 lane 0.0570 budget 0.0005  149ms/step
[stage D] ep 2 step 550/4366 loss 0.2234 det 0.1063 da 0.0596 lane 0.0570 budget 0.0005  149ms/step
[stage D] ep 2 step 600/4366 loss 0.2233 det 0.1063 da 0.0594 lane 0.0571 budget 0.0005  149ms/step
[stage D] ep 2 step 650/4366 loss 0.2230 det 0.1062 da 0.0594 lane 0.0569 budget 0.0005  149ms/step
[stage D] ep 2 step 700/4366 loss 0.2228 det 0.1062 da 0.0593 lane 0.0568 budget 0.0005  149ms/step
[stage D] ep 2 step 750/4366 loss 0.2230 det 0.1062 da 0.0594 lane 0.0569 budget 0.0005  149ms/step
[stage D] ep 2 step 800/4366 loss 0.2230 det 0.1063 da 0.0595 lane 0.0568 budget 0.0005  149ms/step
[stage D] ep 2 step 850/4366 loss 0.2230 det 0.1063 da 0.0594 lane 0.0568 budget 0.0005  149ms/step
[stage D] ep 2 step 900/4366 loss 0.2230 det 0.1063 da 0.0595 lane 0.0568 budget 0.0005  149ms/step
[stage D] ep 2 step 950/4366 loss 0.2230 det 0.1062 da 0.0595 lane 0.0568 budget 0.0005  149ms/step
[stage D] ep 2 step 1000/4366 loss 0.2230 det 0.1062 da 0.0595 lane 0.0568 budget 0.0005  149ms/step
[stage D] ep 2 step 1050/4366 loss 0.2230 det 0.1062 da 0.0595 lane 0.0569 budget 0.0005  149ms/step
[stage D] ep 2 step 1100/4366 loss 0.2231 det 0.1063 da 0.0594 lane 0.0569 budget 0.0005  149ms/step
[stage D] ep 2 step 1150/4366 loss 0.2230 det 0.1062 da 0.0594 lane 0.0569 budget 0.0005  149ms/step
[stage D] ep 2 step 1200/4366 loss 0.2229 det 0.1063 da 0.0593 lane 0.0569 budget 0.0005  149ms/step
[stage D] ep 2 step 1250/4366 loss 0.2229 det 0.1063 da 0.0593 lane 0.0569 budget 0.0005  149ms/step
[stage D] ep 2 step 1300/4366 loss 0.2230 det 0.1063 da 0.0594 lane 0.0569 budget 0.0005  149ms/step
[stage D] ep 2 step 1350/4366 loss 0.2230 det 0.1062 da 0.0594 lane 0.0569 budget 0.0005  149ms/step
[stage D] ep 2 step 1400/4366 loss 0.2229 det 0.1062 da 0.0594 lane 0.0568 budget 0.0005  149ms/step
[stage D] ep 2 step 1450/4366 loss 0.2230 det 0.1062 da 0.0595 lane 0.0568 budget 0.0005  149ms/step
[stage D] ep 2 step 1500/4366 loss 0.2230 det 0.1062 da 0.0595 lane 0.0568 budget 0.0005  149ms/step
[stage D] ep 2 step 1550/4366 loss 0.2229 det 0.1062 da 0.0594 lane 0.0568 budget 0.0005  149ms/step
[stage D] ep 2 step 1600/4366 loss 0.2229 det 0.1062 da 0.0594 lane 0.0568 budget 0.0005  149ms/step
[stage D] ep 2 step 1650/4366 loss 0.2229 det 0.1062 da 0.0595 lane 0.0567 budget 0.0005  149ms/step
[stage D] ep 2 step 1700/4366 loss 0.2228 det 0.1062 da 0.0594 lane 0.0567 budget 0.0005  149ms/step
[stage D] ep 2 step 1750/4366 loss 0.2228 det 0.1062 da 0.0594 lane 0.0568 budget 0.0005  149ms/step
[stage D] ep 2 step 1800/4366 loss 0.2228 det 0.1062 da 0.0594 lane 0.0567 budget 0.0005  149ms/step
[stage D] ep 2 step 1850/4366 loss 0.2229 det 0.1061 da 0.0595 lane 0.0568 budget 0.0005  149ms/step
[stage D] ep 2 step 1900/4366 loss 0.2230 det 0.1061 da 0.0596 lane 0.0568 budget 0.0005  149ms/step
[stage D] ep 2 step 1950/4366 loss 0.2230 det 0.1061 da 0.0596 lane 0.0568 budget 0.0005  149ms/step
[stage D] ep 2 step 2000/4366 loss 0.2231 det 0.1061 da 0.0597 lane 0.0568 budget 0.0005  149ms/step
[stage D] ep 2 step 2050/4366 loss 0.2231 det 0.1061 da 0.0597 lane 0.0568 budget 0.0005  149ms/step
[stage D] ep 2 step 2100/4366 loss 0.2231 det 0.1061 da 0.0597 lane 0.0568 budget 0.0005  149ms/step
[stage D] ep 2 step 2150/4366 loss 0.2231 det 0.1061 da 0.0597 lane 0.0568 budget 0.0005  149ms/step
[stage D] ep 2 step 2200/4366 loss 0.2230 det 0.1061 da 0.0597 lane 0.0568 budget 0.0005  149ms/step
[stage D] ep 2 step 2250/4366 loss 0.2231 det 0.1061 da 0.0597 lane 0.0568 budget 0.0005  149ms/step
[stage D] ep 2 step 2300/4366 loss 0.2231 det 0.1061 da 0.0597 lane 0.0568 budget 0.0005  149ms/step
[stage D] ep 2 step 2350/4366 loss 0.2232 det 0.1061 da 0.0598 lane 0.0568 budget 0.0004  149ms/step
[stage D] ep 2 step 2400/4366 loss 0.2232 det 0.1061 da 0.0598 lane 0.0568 budget 0.0004  149ms/step
[stage D] ep 2 step 2450/4366 loss 0.2231 det 0.1062 da 0.0597 lane 0.0568 budget 0.0004  149ms/step
[stage D] ep 2 step 2500/4366 loss 0.2231 det 0.1061 da 0.0598 lane 0.0568 budget 0.0004  149ms/step
[stage D] ep 2 step 2550/4366 loss 0.2231 det 0.1062 da 0.0598 lane 0.0568 budget 0.0004  149ms/step
[stage D] ep 2 step 2600/4366 loss 0.2232 det 0.1062 da 0.0598 lane 0.0568 budget 0.0004  149ms/step
[stage D] ep 2 step 2650/4366 loss 0.2231 det 0.1062 da 0.0598 lane 0.0567 budget 0.0004  149ms/step
[stage D] ep 2 step 2700/4366 loss 0.2232 det 0.1062 da 0.0597 lane 0.0567 budget 0.0004  149ms/step
[stage D] ep 2 step 2750/4366 loss 0.2231 det 0.1062 da 0.0597 lane 0.0567 budget 0.0004  149ms/step
[stage D] ep 2 step 2800/4366 loss 0.2231 det 0.1062 da 0.0597 lane 0.0568 budget 0.0004  149ms/step
[stage D] ep 2 step 2850/4366 loss 0.2231 det 0.1062 da 0.0597 lane 0.0567 budget 0.0004  149ms/step
[stage D] ep 2 step 2900/4366 loss 0.2232 det 0.1062 da 0.0597 lane 0.0568 budget 0.0004  149ms/step
[stage D] ep 2 step 2950/4366 loss 0.2231 det 0.1062 da 0.0597 lane 0.0567 budget 0.0004  149ms/step
[stage D] ep 2 step 3000/4366 loss 0.2231 det 0.1062 da 0.0597 lane 0.0568 budget 0.0004  149ms/step
[stage D] ep 2 step 3050/4366 loss 0.2231 det 0.1062 da 0.0597 lane 0.0568 budget 0.0004  149ms/step
[stage D] ep 2 step 3100/4366 loss 0.2231 det 0.1062 da 0.0597 lane 0.0568 budget 0.0004  149ms/step
[stage D] ep 2 step 3150/4366 loss 0.2232 det 0.1062 da 0.0597 lane 0.0568 budget 0.0004  149ms/step
[stage D] ep 2 step 3200/4366 loss 0.2232 det 0.1062 da 0.0597 lane 0.0568 budget 0.0004  149ms/step
[stage D] ep 2 step 3250/4366 loss 0.2231 det 0.1062 da 0.0597 lane 0.0568 budget 0.0004  149ms/step
[stage D] ep 2 step 3300/4366 loss 0.2231 det 0.1062 da 0.0597 lane 0.0568 budget 0.0004  149ms/step
[stage D] ep 2 step 3350/4366 loss 0.2231 det 0.1062 da 0.0597 lane 0.0568 budget 0.0004  149ms/step
[stage D] ep 2 step 3400/4366 loss 0.2230 det 0.1062 da 0.0596 lane 0.0568 budget 0.0004  149ms/step
[stage D] ep 2 step 3450/4366 loss 0.2230 det 0.1062 da 0.0596 lane 0.0568 budget 0.0004  149ms/step
[stage D] ep 2 step 3500/4366 loss 0.2230 det 0.1062 da 0.0595 lane 0.0568 budget 0.0004  149ms/step
[stage D] ep 2 step 3550/4366 loss 0.2230 det 0.1062 da 0.0595 lane 0.0568 budget 0.0004  149ms/step
[stage D] ep 2 step 3600/4366 loss 0.2230 det 0.1062 da 0.0595 lane 0.0568 budget 0.0004  149ms/step
[stage D] ep 2 step 3650/4366 loss 0.2229 det 0.1062 da 0.0595 lane 0.0568 budget 0.0004  149ms/step
[stage D] ep 2 step 3700/4366 loss 0.2229 det 0.1062 da 0.0595 lane 0.0567 budget 0.0004  149ms/step
[stage D] ep 2 step 3750/4366 loss 0.2229 det 0.1062 da 0.0595 lane 0.0568 budget 0.0004  149ms/step
[stage D] ep 2 step 3800/4366 loss 0.2229 det 0.1062 da 0.0595 lane 0.0567 budget 0.0004  149ms/step
[stage D] ep 2 step 3850/4366 loss 0.2229 det 0.1062 da 0.0595 lane 0.0567 budget 0.0004  149ms/step
[stage D] ep 2 step 3900/4366 loss 0.2229 det 0.1062 da 0.0595 lane 0.0567 budget 0.0004  149ms/step
[stage D] ep 2 step 3950/4366 loss 0.2229 det 0.1062 da 0.0595 lane 0.0567 budget 0.0004  149ms/step
[stage D] ep 2 step 4000/4366 loss 0.2229 det 0.1062 da 0.0595 lane 0.0567 budget 0.0004  149ms/step
[stage D] ep 2 step 4050/4366 loss 0.2229 det 0.1062 da 0.0595 lane 0.0567 budget 0.0004  149ms/step
[stage D] ep 2 step 4100/4366 loss 0.2230 det 0.1062 da 0.0596 lane 0.0568 budget 0.0004  149ms/step
[stage D] ep 2 step 4150/4366 loss 0.2230 det 0.1063 da 0.0596 lane 0.0568 budget 0.0004  149ms/step
[stage D] ep 2 step 4200/4366 loss 0.2230 det 0.1062 da 0.0595 lane 0.0568 budget 0.0004  149ms/step
[stage D] ep 2 step 4250/4366 loss 0.2229 det 0.1062 da 0.0595 lane 0.0568 budget 0.0004  149ms/step
[stage D] ep 2 step 4300/4366 loss 0.2229 det 0.1062 da 0.0595 lane 0.0568 budget 0.0004  149ms/step
[stage D] ep 2 step 4350/4366 loss 0.2229 det 0.1062 da 0.0595 lane 0.0568 budget 0.0004  149ms/step
[stage D] ep 2 DONE avg_loss=0.2229 saved experiments/expI_kd_dynamic/fairD_D/checkpoint.pt
[train] done -> experiments/expI_kd_dynamic/fairD_D
