[train] KD teacher=YOLOP lambda_feat=0.1 lambda_out=1.0
[train] init from experiments/expF_single_teacher/kd_yolop/checkpoint.pt: loaded 256/256 keys missing=5 unexpected=0
[train] stage=B adaptive=True params=0.235M
/home/mycode/ai_study/trac/training/train.py:101: UserWarning: Converting a tensor with requires_grad=True to a scalar may lead to unexpected behavior.
Consider using tensor.detach() first. (Triggered internally at /pytorch/torch/csrc/autograd/generated/python_variable_methods.cpp:836.)
  running[k] = running.get(k, 0.0) + float(v)
[stage B] ep 1 step 50/4366 loss 0.4671 det 0.1152 da 0.0848 lane 0.0737 budget 0.0000 feat 0.122 out_da 0.037 out_lane 0.034 393ms/step
[stage B] ep 1 step 100/4366 loss 0.4466 det 0.1124 da 0.0740 lane 0.0664 budget 0.0000 feat 0.122 out_da 0.037 out_lane 0.034 350ms/step
[stage B] ep 1 step 150/4366 loss 0.4406 det 0.1109 da 0.0711 lane 0.0644 budget 0.0000 feat 0.122 out_da 0.037 out_lane 0.034 336ms/step
[stage B] ep 1 step 200/4366 loss 0.4370 det 0.1104 da 0.0694 lane 0.0632 budget 0.0000 feat 0.122 out_da 0.037 out_lane 0.034 339ms/step
[stage B] ep 1 step 250/4366 loss 0.4349 det 0.1098 da 0.0685 lane 0.0626 budget 0.0000 feat 0.122 out_da 0.037 out_lane 0.034 333ms/step
[stage B] ep 1 step 300/4366 loss 0.4332 det 0.1096 da 0.0676 lane 0.0620 budget 0.0000 feat 0.122 out_da 0.037 out_lane 0.034 349ms/step
[stage B] ep 1 step 350/4366 loss 0.4319 det 0.1094 da 0.0673 lane 0.0613 budget 0.0000 feat 0.122 out_da 0.037 out_lane 0.034 446ms/step
[stage B] ep 1 step 400/4366 loss 0.4306 det 0.1091 da 0.0666 lane 0.0609 budget 0.0000 feat 0.122 out_da 0.037 out_lane 0.034 471ms/step
[stage B] ep 1 step 450/4366 loss 0.4291 det 0.1089 da 0.0657 lane 0.0605 budget 0.0000 feat 0.122 out_da 0.037 out_lane 0.034 457ms/step
[stage B] ep 1 step 500/4366 loss 0.4281 det 0.1088 da 0.0653 lane 0.0601 budget 0.0000 feat 0.122 out_da 0.037 out_lane 0.034 508ms/step
[stage B] ep 1 step 550/4366 loss 0.4272 det 0.1086 da 0.0648 lane 0.0598 budget 0.0000 feat 0.122 out_da 0.037 out_lane 0.034 545ms/step
[stage B] ep 1 step 600/4366 loss 0.4268 det 0.1085 da 0.0648 lane 0.0596 budget 0.0000 feat 0.122 out_da 0.037 out_lane 0.035 572ms/step
[stage B] ep 1 step 650/4366 loss 0.4266 det 0.1084 da 0.0647 lane 0.0595 budget 0.0000 feat 0.122 out_da 0.037 out_lane 0.035 601ms/step
[stage B] ep 1 step 700/4366 loss 0.4263 det 0.1083 da 0.0648 lane 0.0594 budget 0.0000 feat 0.122 out_da 0.037 out_lane 0.035 625ms/step
[stage B] ep 1 step 750/4366 loss 0.4261 det 0.1082 da 0.0646 lane 0.0594 budget 0.0000 feat 0.122 out_da 0.037 out_lane 0.034 644ms/step
[stage B] ep 1 step 800/4366 loss 0.4254 det 0.1081 da 0.0643 lane 0.0592 budget 0.0000 feat 0.122 out_da 0.037 out_lane 0.035 662ms/step
[stage B] ep 1 step 850/4366 loss 0.4252 det 0.1080 da 0.0641 lane 0.0592 budget 0.0000 feat 0.122 out_da 0.037 out_lane 0.035 678ms/step
[stage B] ep 1 step 900/4366 loss 0.4248 det 0.1079 da 0.0639 lane 0.0591 budget 0.0000 feat 0.122 out_da 0.037 out_lane 0.034 690ms/step
[stage B] ep 1 step 950/4366 loss 0.4247 det 0.1080 da 0.0638 lane 0.0591 budget 0.0000 feat 0.122 out_da 0.037 out_lane 0.034 700ms/step
[stage B] ep 1 step 1000/4366 loss 0.4244 det 0.1078 da 0.0636 lane 0.0591 budget 0.0000 feat 0.122 out_da 0.037 out_lane 0.034 710ms/step
[stage B] ep 1 step 1050/4366 loss 0.4242 det 0.1078 da 0.0635 lane 0.0589 budget 0.0000 feat 0.122 out_da 0.037 out_lane 0.035 719ms/step
