[train] OFFLINE KD teacher=TwinLiteNetPlus cache=/home/mycode/ai_study/trac/experiments/expF_single_teacher/kd_cache (10000 imgs)
[train] stage=A adaptive=False params=0.230M
/home/mycode/ai_study/trac/training/train.py:136: UserWarning: Converting a tensor with requires_grad=True to a scalar may lead to unexpected behavior.
Consider using tensor.detach() first. (Triggered internally at /pytorch/torch/csrc/autograd/generated/python_variable_methods.cpp:836.)
  running[k] = running.get(k, 0.0) + float(v)
[stage A] ep 1 step 50/625 loss 1.3530 det 0.2023 da 0.3244 lane 0.4065 budget 0.0000 feat 0.133 out_da 0.127 out_lane 0.159 196ms/step
[stage A] ep 1 step 100/625 loss 1.1155 det 0.1895 da 0.2731 lane 0.3047 budget 0.0000 feat 0.122 out_da 0.102 out_lane 0.124 180ms/step
[stage A] ep 1 step 150/625 loss 0.9881 det 0.1814 da 0.2473 lane 0.2532 budget 0.0000 feat 0.115 out_da 0.089 out_lane 0.102 174ms/step
[stage A] ep 1 step 200/625 loss 0.9109 det 0.1749 da 0.2332 lane 0.2231 budget 0.0000 feat 0.110 out_da 0.082 out_lane 0.088 170ms/step
[stage A] ep 1 step 250/625 loss 0.8568 det 0.1696 da 0.2238 lane 0.2025 budget 0.0000 feat 0.106 out_da 0.077 out_lane 0.078 167ms/step
[stage A] ep 1 step 300/625 loss 0.8153 det 0.1656 da 0.2155 lane 0.1875 budget 0.0000 feat 0.104 out_da 0.073 out_lane 0.070 165ms/step
[stage A] ep 1 step 350/625 loss 0.7835 det 0.1624 da 0.2088 lane 0.1765 budget 0.0000 feat 0.101 out_da 0.070 out_lane 0.065 163ms/step
[stage A] ep 1 step 400/625 loss 0.7580 det 0.1599 da 0.2033 lane 0.1677 budget 0.0000 feat 0.099 out_da 0.067 out_lane 0.060 162ms/step
[stage A] ep 1 step 450/625 loss 0.7382 det 0.1578 da 0.1997 lane 0.1605 budget 0.0000 feat 0.098 out_da 0.065 out_lane 0.057 161ms/step
[stage A] ep 1 step 500/625 loss 0.7205 det 0.1559 da 0.1956 lane 0.1547 budget 0.0000 feat 0.097 out_da 0.064 out_lane 0.054 161ms/step
[stage A] ep 1 step 550/625 loss 0.7065 det 0.1544 da 0.1926 lane 0.1499 budget 0.0000 feat 0.096 out_da 0.063 out_lane 0.051 160ms/step
[stage A] ep 1 step 600/625 loss 0.6939 det 0.1531 da 0.1899 lane 0.1457 budget 0.0000 feat 0.095 out_da 0.061 out_lane 0.049 160ms/step
[stage A] ep 1 DONE avg_loss=0.6878 saved experiments/expF_single_teacher/kd_twinlite_off10/checkpoint.pt
[stage A] ep 2 step 50/625 loss 0.5372 det 0.1373 da 0.1487 lane 0.0961 budget 0.0000 feat 0.083 out_da 0.046 out_lane 0.025 154ms/step
[stage A] ep 2 step 100/625 loss 0.5353 det 0.1371 da 0.1477 lane 0.0958 budget 0.0000 feat 0.083 out_da 0.046 out_lane 0.025 151ms/step
[stage A] ep 2 step 150/625 loss 0.5315 det 0.1366 da 0.1462 lane 0.0946 budget 0.0000 feat 0.083 out_da 0.046 out_lane 0.025 150ms/step
[stage A] ep 2 step 200/625 loss 0.5303 det 0.1363 da 0.1462 lane 0.0940 budget 0.0000 feat 0.083 out_da 0.046 out_lane 0.025 150ms/step
[stage A] ep 2 step 250/625 loss 0.5299 det 0.1362 da 0.1461 lane 0.0940 budget 0.0000 feat 0.083 out_da 0.046 out_lane 0.025 149ms/step
[stage A] ep 2 step 300/625 loss 0.5283 det 0.1359 da 0.1456 lane 0.0938 budget 0.0000 feat 0.083 out_da 0.045 out_lane 0.025 149ms/step
[stage A] ep 2 step 350/625 loss 0.5259 det 0.1355 da 0.1443 lane 0.0934 budget 0.0000 feat 0.083 out_da 0.045 out_lane 0.025 149ms/step
[stage A] ep 2 step 400/625 loss 0.5246 det 0.1354 da 0.1435 lane 0.0932 budget 0.0000 feat 0.083 out_da 0.045 out_lane 0.025 148ms/step
[stage A] ep 2 step 450/625 loss 0.5229 det 0.1351 da 0.1425 lane 0.0931 budget 0.0000 feat 0.083 out_da 0.045 out_lane 0.024 148ms/step
[stage A] ep 2 step 500/625 loss 0.5215 det 0.1351 da 0.1417 lane 0.0929 budget 0.0000 feat 0.083 out_da 0.045 out_lane 0.024 149ms/step
[stage A] ep 2 step 550/625 loss 0.5197 det 0.1349 da 0.1406 lane 0.0927 budget 0.0000 feat 0.082 out_da 0.045 out_lane 0.024 149ms/step
[stage A] ep 2 step 600/625 loss 0.5178 det 0.1348 da 0.1394 lane 0.0925 budget 0.0000 feat 0.082 out_da 0.044 out_lane 0.024 149ms/step
[stage A] ep 2 DONE avg_loss=0.5174 saved experiments/expF_single_teacher/kd_twinlite_off10/checkpoint.pt
[stage A] ep 3 step 50/625 loss 0.4969 det 0.1335 da 0.1273 lane 0.0899 budget 0.0000 feat 0.081 out_da 0.041 out_lane 0.024 152ms/step
[stage A] ep 3 step 100/625 loss 0.4912 det 0.1317 da 0.1246 lane 0.0888 budget 0.0000 feat 0.081 out_da 0.042 out_lane 0.023 147ms/step
[stage A] ep 3 step 150/625 loss 0.4921 det 0.1314 da 0.1264 lane 0.0882 budget 0.0000 feat 0.081 out_da 0.042 out_lane 0.023 146ms/step
[stage A] ep 3 step 200/625 loss 0.4926 det 0.1312 da 0.1276 lane 0.0878 budget 0.0000 feat 0.081 out_da 0.042 out_lane 0.023 145ms/step
[stage A] ep 3 step 250/625 loss 0.4916 det 0.1310 da 0.1267 lane 0.0878 budget 0.0000 feat 0.081 out_da 0.042 out_lane 0.023 145ms/step
[stage A] ep 3 step 300/625 loss 0.4906 det 0.1310 da 0.1264 lane 0.0874 budget 0.0000 feat 0.081 out_da 0.042 out_lane 0.023 144ms/step
[stage A] ep 3 step 350/625 loss 0.4896 det 0.1310 da 0.1258 lane 0.0872 budget 0.0000 feat 0.081 out_da 0.042 out_lane 0.023 144ms/step
[stage A] ep 3 step 400/625 loss 0.4882 det 0.1309 da 0.1248 lane 0.0870 budget 0.0000 feat 0.081 out_da 0.041 out_lane 0.023 144ms/step
[stage A] ep 3 step 450/625 loss 0.4871 det 0.1309 da 0.1241 lane 0.0869 budget 0.0000 feat 0.081 out_da 0.041 out_lane 0.023 144ms/step
[stage A] ep 3 step 500/625 loss 0.4868 det 0.1308 da 0.1241 lane 0.0868 budget 0.0000 feat 0.081 out_da 0.041 out_lane 0.023 144ms/step
[stage A] ep 3 step 550/625 loss 0.4859 det 0.1307 da 0.1236 lane 0.0866 budget 0.0000 feat 0.081 out_da 0.041 out_lane 0.023 144ms/step
[stage A] ep 3 step 600/625 loss 0.4845 det 0.1306 da 0.1228 lane 0.0863 budget 0.0000 feat 0.081 out_da 0.041 out_lane 0.023 144ms/step
[stage A] ep 3 DONE avg_loss=0.4839 saved experiments/expF_single_teacher/kd_twinlite_off10/checkpoint.pt
[stage A] ep 4 step 50/625 loss 0.4698 det 0.1279 da 0.1173 lane 0.0823 budget 0.0000 feat 0.080 out_da 0.040 out_lane 0.023 150ms/step
[stage A] ep 4 step 100/625 loss 0.4712 det 0.1283 da 0.1165 lane 0.0837 budget 0.0000 feat 0.080 out_da 0.040 out_lane 0.023 146ms/step
[stage A] ep 4 step 150/625 loss 0.4702 det 0.1283 da 0.1154 lane 0.0836 budget 0.0000 feat 0.080 out_da 0.040 out_lane 0.023 144ms/step
[stage A] ep 4 step 200/625 loss 0.4696 det 0.1284 da 0.1149 lane 0.0839 budget 0.0000 feat 0.080 out_da 0.040 out_lane 0.023 143ms/step
[stage A] ep 4 step 250/625 loss 0.4692 det 0.1285 da 0.1148 lane 0.0835 budget 0.0000 feat 0.080 out_da 0.040 out_lane 0.023 143ms/step
[stage A] ep 4 step 300/625 loss 0.4683 det 0.1283 da 0.1148 lane 0.0831 budget 0.0000 feat 0.080 out_da 0.040 out_lane 0.023 143ms/step
[stage A] ep 4 step 350/625 loss 0.4675 det 0.1282 da 0.1142 lane 0.0830 budget 0.0000 feat 0.080 out_da 0.040 out_lane 0.023 143ms/step
[stage A] ep 4 step 400/625 loss 0.4665 det 0.1282 da 0.1137 lane 0.0826 budget 0.0000 feat 0.080 out_da 0.040 out_lane 0.023 143ms/step
[stage A] ep 4 step 450/625 loss 0.4657 det 0.1283 da 0.1134 lane 0.0824 budget 0.0000 feat 0.080 out_da 0.039 out_lane 0.023 143ms/step
[stage A] ep 4 step 500/625 loss 0.4659 det 0.1283 da 0.1136 lane 0.0822 budget 0.0000 feat 0.080 out_da 0.039 out_lane 0.023 143ms/step
[stage A] ep 4 step 550/625 loss 0.4661 det 0.1283 da 0.1136 lane 0.0823 budget 0.0000 feat 0.080 out_da 0.040 out_lane 0.023 143ms/step
[stage A] ep 4 step 600/625 loss 0.4657 det 0.1284 da 0.1135 lane 0.0821 budget 0.0000 feat 0.080 out_da 0.040 out_lane 0.023 143ms/step
[stage A] ep 4 DONE avg_loss=0.4656 saved experiments/expF_single_teacher/kd_twinlite_off10/checkpoint.pt
[stage A] ep 5 step 50/625 loss 0.4474 det 0.1265 da 0.1028 lane 0.0800 budget 0.0000 feat 0.079 out_da 0.037 out_lane 0.022 148ms/step
[stage A] ep 5 step 100/625 loss 0.4482 det 0.1269 da 0.1035 lane 0.0799 budget 0.0000 feat 0.079 out_da 0.037 out_lane 0.022 145ms/step
[stage A] ep 5 step 150/625 loss 0.4503 det 0.1270 da 0.1046 lane 0.0802 budget 0.0000 feat 0.079 out_da 0.037 out_lane 0.022 144ms/step
[stage A] ep 5 step 200/625 loss 0.4511 det 0.1272 da 0.1055 lane 0.0798 budget 0.0000 feat 0.079 out_da 0.037 out_lane 0.022 144ms/step
[stage A] ep 5 step 250/625 loss 0.4503 det 0.1270 da 0.1049 lane 0.0798 budget 0.0000 feat 0.079 out_da 0.037 out_lane 0.022 143ms/step
[stage A] ep 5 step 300/625 loss 0.4497 det 0.1270 da 0.1045 lane 0.0796 budget 0.0000 feat 0.079 out_da 0.037 out_lane 0.022 142ms/step
[stage A] ep 5 step 350/625 loss 0.4494 det 0.1269 da 0.1044 lane 0.0793 budget 0.0000 feat 0.079 out_da 0.038 out_lane 0.022 142ms/step
[stage A] ep 5 step 400/625 loss 0.4490 det 0.1270 da 0.1044 lane 0.0791 budget 0.0000 feat 0.079 out_da 0.038 out_lane 0.022 142ms/step
[stage A] ep 5 step 450/625 loss 0.4488 det 0.1268 da 0.1046 lane 0.0789 budget 0.0000 feat 0.079 out_da 0.038 out_lane 0.022 142ms/step
[stage A] ep 5 step 500/625 loss 0.4482 det 0.1266 da 0.1045 lane 0.0786 budget 0.0000 feat 0.079 out_da 0.038 out_lane 0.022 142ms/step
[stage A] ep 5 step 550/625 loss 0.4480 det 0.1265 da 0.1048 lane 0.0783 budget 0.0000 feat 0.079 out_da 0.038 out_lane 0.022 142ms/step
[stage A] ep 5 step 600/625 loss 0.4477 det 0.1266 da 0.1044 lane 0.0783 budget 0.0000 feat 0.079 out_da 0.038 out_lane 0.022 143ms/step
[stage A] ep 5 DONE avg_loss=0.4475 saved experiments/expF_single_teacher/kd_twinlite_off10/checkpoint.pt
[stage A] ep 6 step 50/625 loss 0.4420 det 0.1253 da 0.1008 lane 0.0778 budget 0.0000 feat 0.078 out_da 0.038 out_lane 0.022 149ms/step
[stage A] ep 6 step 100/625 loss 0.4403 det 0.1258 da 0.0994 lane 0.0771 budget 0.0000 feat 0.078 out_da 0.037 out_lane 0.022 145ms/step
[stage A] ep 6 step 150/625 loss 0.4392 det 0.1258 da 0.0992 lane 0.0768 budget 0.0000 feat 0.078 out_da 0.037 out_lane 0.022 145ms/step
[stage A] ep 6 step 200/625 loss 0.4387 det 0.1257 da 0.0992 lane 0.0764 budget 0.0000 feat 0.078 out_da 0.037 out_lane 0.022 144ms/step
[stage A] ep 6 step 250/625 loss 0.4388 det 0.1256 da 0.0994 lane 0.0762 budget 0.0000 feat 0.078 out_da 0.037 out_lane 0.022 144ms/step
[stage A] ep 6 step 300/625 loss 0.4383 det 0.1256 da 0.0991 lane 0.0760 budget 0.0000 feat 0.078 out_da 0.037 out_lane 0.022 144ms/step
[stage A] ep 6 step 350/625 loss 0.4377 det 0.1255 da 0.0987 lane 0.0761 budget 0.0000 feat 0.078 out_da 0.037 out_lane 0.022 144ms/step
[stage A] ep 6 step 400/625 loss 0.4369 det 0.1253 da 0.0984 lane 0.0757 budget 0.0000 feat 0.078 out_da 0.037 out_lane 0.022 144ms/step
[stage A] ep 6 step 450/625 loss 0.4378 det 0.1252 da 0.0997 lane 0.0756 budget 0.0000 feat 0.078 out_da 0.037 out_lane 0.022 143ms/step
[stage A] ep 6 step 500/625 loss 0.4383 det 0.1253 da 0.0998 lane 0.0758 budget 0.0000 feat 0.078 out_da 0.037 out_lane 0.022 143ms/step
[stage A] ep 6 step 550/625 loss 0.4378 det 0.1252 da 0.0995 lane 0.0759 budget 0.0000 feat 0.078 out_da 0.037 out_lane 0.022 143ms/step
[stage A] ep 6 step 600/625 loss 0.4376 det 0.1252 da 0.0995 lane 0.0758 budget 0.0000 feat 0.078 out_da 0.037 out_lane 0.022 143ms/step
[stage A] ep 6 DONE avg_loss=0.4379 saved experiments/expF_single_teacher/kd_twinlite_off10/checkpoint.pt
[stage A] ep 7 step 50/625 loss 0.4315 det 0.1251 da 0.0984 lane 0.0710 budget 0.0000 feat 0.078 out_da 0.038 out_lane 0.022 152ms/step
[stage A] ep 7 step 100/625 loss 0.4336 det 0.1245 da 0.0996 lane 0.0729 budget 0.0000 feat 0.078 out_da 0.037 out_lane 0.022 147ms/step
[stage A] ep 7 step 150/625 loss 0.4324 det 0.1246 da 0.0979 lane 0.0736 budget 0.0000 feat 0.078 out_da 0.037 out_lane 0.022 146ms/step
[stage A] ep 7 step 200/625 loss 0.4309 det 0.1246 da 0.0963 lane 0.0737 budget 0.0000 feat 0.078 out_da 0.037 out_lane 0.022 145ms/step
[stage A] ep 7 step 250/625 loss 0.4296 det 0.1244 da 0.0951 lane 0.0742 budget 0.0000 feat 0.078 out_da 0.037 out_lane 0.022 145ms/step
[stage A] ep 7 step 300/625 loss 0.4290 det 0.1241 da 0.0948 lane 0.0743 budget 0.0000 feat 0.078 out_da 0.037 out_lane 0.022 145ms/step
[stage A] ep 7 step 350/625 loss 0.4288 det 0.1240 da 0.0948 lane 0.0743 budget 0.0000 feat 0.078 out_da 0.036 out_lane 0.022 145ms/step
[stage A] ep 7 step 400/625 loss 0.4286 det 0.1240 da 0.0948 lane 0.0743 budget 0.0000 feat 0.078 out_da 0.036 out_lane 0.022 145ms/step
[stage A] ep 7 step 450/625 loss 0.4290 det 0.1241 da 0.0948 lane 0.0745 budget 0.0000 feat 0.078 out_da 0.036 out_lane 0.022 145ms/step
[stage A] ep 7 step 500/625 loss 0.4291 det 0.1240 da 0.0951 lane 0.0743 budget 0.0000 feat 0.078 out_da 0.036 out_lane 0.022 145ms/step
[stage A] ep 7 step 550/625 loss 0.4286 det 0.1240 da 0.0949 lane 0.0742 budget 0.0000 feat 0.078 out_da 0.036 out_lane 0.022 145ms/step
[stage A] ep 7 step 600/625 loss 0.4285 det 0.1240 da 0.0947 lane 0.0742 budget 0.0000 feat 0.077 out_da 0.036 out_lane 0.022 145ms/step
[stage A] ep 7 DONE avg_loss=0.4283 saved experiments/expF_single_teacher/kd_twinlite_off10/checkpoint.pt
[stage A] ep 8 step 50/625 loss 0.4214 det 0.1231 da 0.0917 lane 0.0721 budget 0.0000 feat 0.077 out_da 0.036 out_lane 0.021 150ms/step
[stage A] ep 8 step 100/625 loss 0.4222 det 0.1230 da 0.0917 lane 0.0734 budget 0.0000 feat 0.077 out_da 0.035 out_lane 0.022 146ms/step
[stage A] ep 8 step 150/625 loss 0.4207 det 0.1232 da 0.0906 lane 0.0728 budget 0.0000 feat 0.077 out_da 0.035 out_lane 0.022 144ms/step
[stage A] ep 8 step 200/625 loss 0.4239 det 0.1230 da 0.0931 lane 0.0729 budget 0.0000 feat 0.077 out_da 0.036 out_lane 0.022 144ms/step
[stage A] ep 8 step 250/625 loss 0.4248 det 0.1230 da 0.0935 lane 0.0732 budget 0.0000 feat 0.077 out_da 0.036 out_lane 0.022 143ms/step
[stage A] ep 8 step 300/625 loss 0.4246 det 0.1229 da 0.0936 lane 0.0731 budget 0.0000 feat 0.077 out_da 0.036 out_lane 0.022 143ms/step
[stage A] ep 8 step 350/625 loss 0.4245 det 0.1230 da 0.0936 lane 0.0729 budget 0.0000 feat 0.077 out_da 0.036 out_lane 0.022 143ms/step
[stage A] ep 8 step 400/625 loss 0.4249 det 0.1230 da 0.0936 lane 0.0732 budget 0.0000 feat 0.077 out_da 0.036 out_lane 0.022 143ms/step
[stage A] ep 8 step 450/625 loss 0.4246 det 0.1229 da 0.0935 lane 0.0734 budget 0.0000 feat 0.077 out_da 0.036 out_lane 0.022 143ms/step
[stage A] ep 8 step 500/625 loss 0.4243 det 0.1228 da 0.0933 lane 0.0733 budget 0.0000 feat 0.077 out_da 0.036 out_lane 0.022 143ms/step
[stage A] ep 8 step 550/625 loss 0.4238 det 0.1229 da 0.0929 lane 0.0732 budget 0.0000 feat 0.077 out_da 0.036 out_lane 0.022 143ms/step
[stage A] ep 8 step 600/625 loss 0.4229 det 0.1228 da 0.0925 lane 0.0730 budget 0.0000 feat 0.077 out_da 0.036 out_lane 0.022 143ms/step
[stage A] ep 8 DONE avg_loss=0.4226 saved experiments/expF_single_teacher/kd_twinlite_off10/checkpoint.pt
[stage A] ep 9 step 50/625 loss 0.4175 det 0.1208 da 0.0892 lane 0.0733 budget 0.0000 feat 0.077 out_da 0.035 out_lane 0.022 148ms/step
[stage A] ep 9 step 100/625 loss 0.4153 det 0.1211 da 0.0875 lane 0.0732 budget 0.0000 feat 0.077 out_da 0.035 out_lane 0.022 145ms/step
[stage A] ep 9 step 150/625 loss 0.4138 det 0.1215 da 0.0868 lane 0.0723 budget 0.0000 feat 0.077 out_da 0.035 out_lane 0.022 144ms/step
[stage A] ep 9 step 200/625 loss 0.4133 det 0.1218 da 0.0862 lane 0.0723 budget 0.0000 feat 0.077 out_da 0.035 out_lane 0.022 144ms/step
[stage A] ep 9 step 250/625 loss 0.4122 det 0.1216 da 0.0859 lane 0.0718 budget 0.0000 feat 0.077 out_da 0.035 out_lane 0.022 144ms/step
[stage A] ep 9 step 300/625 loss 0.4128 det 0.1215 da 0.0863 lane 0.0717 budget 0.0000 feat 0.077 out_da 0.035 out_lane 0.022 144ms/step
[stage A] ep 9 step 350/625 loss 0.4135 det 0.1214 da 0.0871 lane 0.0714 budget 0.0000 feat 0.077 out_da 0.035 out_lane 0.022 144ms/step
[stage A] ep 9 step 400/625 loss 0.4157 det 0.1214 da 0.0884 lane 0.0720 budget 0.0000 feat 0.077 out_da 0.035 out_lane 0.022 144ms/step
[stage A] ep 9 step 450/625 loss 0.4176 det 0.1216 da 0.0895 lane 0.0723 budget 0.0000 feat 0.077 out_da 0.036 out_lane 0.022 144ms/step
[stage A] ep 9 step 500/625 loss 0.4180 det 0.1215 da 0.0900 lane 0.0723 budget 0.0000 feat 0.077 out_da 0.036 out_lane 0.022 144ms/step
[stage A] ep 9 step 550/625 loss 0.4181 det 0.1216 da 0.0901 lane 0.0721 budget 0.0000 feat 0.077 out_da 0.036 out_lane 0.022 144ms/step
[stage A] ep 9 step 600/625 loss 0.4179 det 0.1216 da 0.0902 lane 0.0719 budget 0.0000 feat 0.077 out_da 0.036 out_lane 0.022 144ms/step
[stage A] ep 9 DONE avg_loss=0.4178 saved experiments/expF_single_teacher/kd_twinlite_off10/checkpoint.pt
[stage A] ep 10 step 50/625 loss 0.4179 det 0.1210 da 0.0924 lane 0.0693 budget 0.0000 feat 0.077 out_da 0.037 out_lane 0.021 149ms/step
[stage A] ep 10 step 100/625 loss 0.4134 det 0.1208 da 0.0884 lane 0.0703 budget 0.0000 feat 0.077 out_da 0.036 out_lane 0.021 146ms/step
[stage A] ep 10 step 150/625 loss 0.4110 det 0.1211 da 0.0857 lane 0.0710 budget 0.0000 feat 0.077 out_da 0.035 out_lane 0.021 144ms/step
[stage A] ep 10 step 200/625 loss 0.4109 det 0.1208 da 0.0858 lane 0.0708 budget 0.0000 feat 0.077 out_da 0.035 out_lane 0.022 144ms/step
[stage A] ep 10 step 250/625 loss 0.4105 det 0.1211 da 0.0861 lane 0.0702 budget 0.0000 feat 0.077 out_da 0.035 out_lane 0.021 143ms/step
[stage A] ep 10 step 300/625 loss 0.4101 det 0.1209 da 0.0861 lane 0.0701 budget 0.0000 feat 0.077 out_da 0.035 out_lane 0.021 143ms/step
[stage A] ep 10 step 350/625 loss 0.4100 det 0.1209 da 0.0861 lane 0.0701 budget 0.0000 feat 0.077 out_da 0.035 out_lane 0.021 143ms/step
[stage A] ep 10 step 400/625 loss 0.4101 det 0.1210 da 0.0859 lane 0.0703 budget 0.0000 feat 0.077 out_da 0.035 out_lane 0.021 143ms/step
[stage A] ep 10 step 450/625 loss 0.4092 det 0.1209 da 0.0854 lane 0.0703 budget 0.0000 feat 0.077 out_da 0.035 out_lane 0.021 143ms/step
[stage A] ep 10 step 500/625 loss 0.4089 det 0.1208 da 0.0852 lane 0.0704 budget 0.0000 feat 0.077 out_da 0.035 out_lane 0.021 143ms/step
[stage A] ep 10 step 550/625 loss 0.4089 det 0.1206 da 0.0853 lane 0.0704 budget 0.0000 feat 0.077 out_da 0.035 out_lane 0.021 143ms/step
[stage A] ep 10 step 600/625 loss 0.4089 det 0.1206 da 0.0853 lane 0.0704 budget 0.0000 feat 0.077 out_da 0.035 out_lane 0.021 143ms/step
[stage A] ep 10 DONE avg_loss=0.4087 saved experiments/expF_single_teacher/kd_twinlite_off10/checkpoint.pt
[train] done -> experiments/expF_single_teacher/kd_twinlite_off10
