[train] KD teacher=TriLiteNet lambda_feat=0.1 lambda_out=1.0
[train] stage=A adaptive=False params=0.230M
/home/mycode/ai_study/trac/training/train.py:102: UserWarning: Converting a tensor with requires_grad=True to a scalar may lead to unexpected behavior.
Consider using tensor.detach() first. (Triggered internally at /pytorch/torch/csrc/autograd/generated/python_variable_methods.cpp:836.)
  running[k] = running.get(k, 0.0) + float(v)
[stage A] ep 1 step 50/8732 loss 1.3716 det 0.2036 da 0.3469 lane 0.4139 budget 0.0000 feat 0.140 out_da 0.115 out_lane 0.152 310ms/step
[stage A] ep 1 step 100/8732 loss 1.1417 det 0.1929 da 0.2987 lane 0.3114 budget 0.0000 feat 0.132 out_da 0.092 out_lane 0.114 347ms/step
[stage A] ep 1 step 150/8732 loss 1.0165 det 0.1869 da 0.2734 lane 0.2576 budget 0.0000 feat 0.127 out_da 0.081 out_lane 0.091 359ms/step
[stage A] ep 1 step 200/8732 loss 0.9336 det 0.1810 da 0.2566 lane 0.2243 budget 0.0000 feat 0.123 out_da 0.073 out_lane 0.076 365ms/step
[stage A] ep 1 step 250/8732 loss 0.8745 det 0.1758 da 0.2430 lane 0.2031 budget 0.0000 feat 0.119 out_da 0.068 out_lane 0.065 369ms/step
[stage A] ep 1 step 300/8732 loss 0.8325 det 0.1720 da 0.2342 lane 0.1882 budget 0.0000 feat 0.117 out_da 0.064 out_lane 0.058 372ms/step
[stage A] ep 1 step 350/8732 loss 0.7998 det 0.1688 da 0.2268 lane 0.1772 budget 0.0000 feat 0.115 out_da 0.061 out_lane 0.052 374ms/step
[stage A] ep 1 step 400/8732 loss 0.7740 det 0.1660 da 0.2215 lane 0.1684 budget 0.0000 feat 0.113 out_da 0.058 out_lane 0.047 375ms/step
[stage A] ep 1 step 450/8732 loss 0.7521 det 0.1639 da 0.2159 lane 0.1616 budget 0.0000 feat 0.111 out_da 0.056 out_lane 0.044 376ms/step
[stage A] ep 1 step 500/8732 loss 0.7336 det 0.1619 da 0.2109 lane 0.1563 budget 0.0000 feat 0.110 out_da 0.054 out_lane 0.041 377ms/step
[stage A] ep 1 step 550/8732 loss 0.7197 det 0.1602 da 0.2080 lane 0.1517 budget 0.0000 feat 0.109 out_da 0.053 out_lane 0.038 377ms/step
[stage A] ep 1 step 600/8732 loss 0.7062 det 0.1586 da 0.2046 lane 0.1476 budget 0.0000 feat 0.108 out_da 0.052 out_lane 0.036 378ms/step
[stage A] ep 1 step 650/8732 loss 0.6942 det 0.1572 da 0.2014 lane 0.1442 budget 0.0000 feat 0.107 out_da 0.051 out_lane 0.034 379ms/step
[stage A] ep 1 step 700/8732 loss 0.6831 det 0.1561 da 0.1984 lane 0.1406 budget 0.0000 feat 0.106 out_da 0.049 out_lane 0.033 384ms/step
[stage A] ep 1 step 750/8732 loss 0.6735 det 0.1550 da 0.1956 lane 0.1381 budget 0.0000 feat 0.105 out_da 0.048 out_lane 0.031 384ms/step
[stage A] ep 1 step 800/8732 loss 0.6649 det 0.1540 da 0.1933 lane 0.1355 budget 0.0000 feat 0.105 out_da 0.048 out_lane 0.030 384ms/step
[stage A] ep 1 step 850/8732 loss 0.6567 det 0.1530 da 0.1909 lane 0.1331 budget 0.0000 feat 0.104 out_da 0.047 out_lane 0.029 387ms/step
[stage A] ep 1 step 900/8732 loss 0.6498 det 0.1522 da 0.1891 lane 0.1311 budget 0.0000 feat 0.103 out_da 0.046 out_lane 0.028 387ms/step
[stage A] ep 1 step 950/8732 loss 0.6431 det 0.1515 da 0.1870 lane 0.1292 budget 0.0000 feat 0.103 out_da 0.045 out_lane 0.027 387ms/step
[stage A] ep 1 step 1000/8732 loss 0.6365 det 0.1508 da 0.1850 lane 0.1274 budget 0.0000 feat 0.102 out_da 0.045 out_lane 0.026 387ms/step
[stage A] ep 1 step 1050/8732 loss 0.6314 det 0.1500 da 0.1836 lane 0.1260 budget 0.0000 feat 0.102 out_da 0.044 out_lane 0.025 387ms/step
[stage A] ep 1 step 1100/8732 loss 0.6256 det 0.1494 da 0.1817 lane 0.1244 budget 0.0000 feat 0.102 out_da 0.044 out_lane 0.025 386ms/step
[stage A] ep 1 step 1150/8732 loss 0.6208 det 0.1489 da 0.1802 lane 0.1231 budget 0.0000 feat 0.101 out_da 0.043 out_lane 0.024 386ms/step
[stage A] ep 1 step 1200/8732 loss 0.6162 det 0.1484 da 0.1788 lane 0.1218 budget 0.0000 feat 0.101 out_da 0.043 out_lane 0.023 386ms/step
[stage A] ep 1 step 1250/8732 loss 0.6119 det 0.1479 da 0.1775 lane 0.1207 budget 0.0000 feat 0.101 out_da 0.042 out_lane 0.023 386ms/step
[stage A] ep 1 step 1300/8732 loss 0.6079 det 0.1474 da 0.1762 lane 0.1197 budget 0.0000 feat 0.100 out_da 0.042 out_lane 0.022 386ms/step
[stage A] ep 1 step 1350/8732 loss 0.6042 det 0.1469 da 0.1753 lane 0.1186 budget 0.0000 feat 0.100 out_da 0.041 out_lane 0.022 386ms/step
[stage A] ep 1 step 1400/8732 loss 0.6005 det 0.1465 da 0.1740 lane 0.1176 budget 0.0000 feat 0.100 out_da 0.041 out_lane 0.022 386ms/step
[stage A] ep 1 step 1450/8732 loss 0.5970 det 0.1461 da 0.1728 lane 0.1169 budget 0.0000 feat 0.099 out_da 0.041 out_lane 0.021 386ms/step
[stage A] ep 1 step 1500/8732 loss 0.5935 det 0.1456 da 0.1716 lane 0.1160 budget 0.0000 feat 0.099 out_da 0.040 out_lane 0.021 386ms/step
[stage A] ep 1 step 1550/8732 loss 0.5899 det 0.1452 da 0.1702 lane 0.1151 budget 0.0000 feat 0.099 out_da 0.040 out_lane 0.020 386ms/step
[stage A] ep 1 step 1600/8732 loss 0.5868 det 0.1449 da 0.1693 lane 0.1143 budget 0.0000 feat 0.099 out_da 0.040 out_lane 0.020 386ms/step
[stage A] ep 1 step 1650/8732 loss 0.5840 det 0.1445 da 0.1683 lane 0.1136 budget 0.0000 feat 0.098 out_da 0.039 out_lane 0.020 386ms/step
[stage A] ep 1 step 1700/8732 loss 0.5815 det 0.1441 da 0.1676 lane 0.1129 budget 0.0000 feat 0.098 out_da 0.039 out_lane 0.020 386ms/step
[stage A] ep 1 step 1750/8732 loss 0.5790 det 0.1439 da 0.1667 lane 0.1123 budget 0.0000 feat 0.098 out_da 0.039 out_lane 0.019 386ms/step
[stage A] ep 1 step 1800/8732 loss 0.5759 det 0.1435 da 0.1656 lane 0.1116 budget 0.0000 feat 0.098 out_da 0.038 out_lane 0.019 386ms/step
[stage A] ep 1 step 1850/8732 loss 0.5734 det 0.1432 da 0.1647 lane 0.1109 budget 0.0000 feat 0.098 out_da 0.038 out_lane 0.019 386ms/step
[stage A] ep 1 step 1900/8732 loss 0.5709 det 0.1429 da 0.1637 lane 0.1104 budget 0.0000 feat 0.098 out_da 0.038 out_lane 0.018 385ms/step
[stage A] ep 1 step 1950/8732 loss 0.5687 det 0.1426 da 0.1630 lane 0.1099 budget 0.0000 feat 0.097 out_da 0.038 out_lane 0.018 385ms/step
[stage A] ep 1 step 2000/8732 loss 0.5665 det 0.1423 da 0.1622 lane 0.1093 budget 0.0000 feat 0.097 out_da 0.037 out_lane 0.018 385ms/step
[stage A] ep 1 step 2050/8732 loss 0.5644 det 0.1420 da 0.1616 lane 0.1088 budget 0.0000 feat 0.097 out_da 0.037 out_lane 0.018 385ms/step
[stage A] ep 1 step 2100/8732 loss 0.5623 det 0.1418 da 0.1609 lane 0.1082 budget 0.0000 feat 0.097 out_da 0.037 out_lane 0.018 385ms/step
[stage A] ep 1 step 2150/8732 loss 0.5602 det 0.1415 da 0.1602 lane 0.1077 budget 0.0000 feat 0.097 out_da 0.037 out_lane 0.017 385ms/step
[stage A] ep 1 step 2200/8732 loss 0.5581 det 0.1412 da 0.1594 lane 0.1072 budget 0.0000 feat 0.097 out_da 0.036 out_lane 0.017 385ms/step
[stage A] ep 1 step 2250/8732 loss 0.5561 det 0.1410 da 0.1586 lane 0.1068 budget 0.0000 feat 0.096 out_da 0.036 out_lane 0.017 385ms/step
[stage A] ep 1 step 2300/8732 loss 0.5543 det 0.1408 da 0.1579 lane 0.1065 budget 0.0000 feat 0.096 out_da 0.036 out_lane 0.017 385ms/step
[stage A] ep 1 step 2350/8732 loss 0.5525 det 0.1406 da 0.1572 lane 0.1061 budget 0.0000 feat 0.096 out_da 0.036 out_lane 0.017 385ms/step
[stage A] ep 1 step 2400/8732 loss 0.5505 det 0.1403 da 0.1564 lane 0.1057 budget 0.0000 feat 0.096 out_da 0.036 out_lane 0.017 385ms/step
[stage A] ep 1 step 2450/8732 loss 0.5487 det 0.1401 da 0.1557 lane 0.1052 budget 0.0000 feat 0.096 out_da 0.035 out_lane 0.016 385ms/step
[stage A] ep 1 step 2500/8732 loss 0.5469 det 0.1399 da 0.1550 lane 0.1048 budget 0.0000 feat 0.096 out_da 0.035 out_lane 0.016 385ms/step
[stage A] ep 1 step 2550/8732 loss 0.5448 det 0.1397 da 0.1542 lane 0.1043 budget 0.0000 feat 0.096 out_da 0.035 out_lane 0.016 385ms/step
[stage A] ep 1 step 2600/8732 loss 0.5432 det 0.1395 da 0.1536 lane 0.1039 budget 0.0000 feat 0.096 out_da 0.035 out_lane 0.016 385ms/step
[stage A] ep 1 step 2650/8732 loss 0.5415 det 0.1393 da 0.1529 lane 0.1035 budget 0.0000 feat 0.095 out_da 0.035 out_lane 0.016 385ms/step
[stage A] ep 1 step 2700/8732 loss 0.5398 det 0.1391 da 0.1522 lane 0.1032 budget 0.0000 feat 0.095 out_da 0.034 out_lane 0.016 385ms/step
[stage A] ep 1 step 2750/8732 loss 0.5384 det 0.1389 da 0.1517 lane 0.1029 budget 0.0000 feat 0.095 out_da 0.034 out_lane 0.016 385ms/step
[stage A] ep 1 step 2800/8732 loss 0.5370 det 0.1388 da 0.1512 lane 0.1025 budget 0.0000 feat 0.095 out_da 0.034 out_lane 0.015 385ms/step
[stage A] ep 1 step 2850/8732 loss 0.5355 det 0.1386 da 0.1506 lane 0.1022 budget 0.0000 feat 0.095 out_da 0.034 out_lane 0.015 385ms/step
[stage A] ep 1 step 2900/8732 loss 0.5343 det 0.1384 da 0.1502 lane 0.1019 budget 0.0000 feat 0.095 out_da 0.034 out_lane 0.015 385ms/step
[stage A] ep 1 step 2950/8732 loss 0.5330 det 0.1382 da 0.1497 lane 0.1015 budget 0.0000 feat 0.095 out_da 0.034 out_lane 0.015 385ms/step
[stage A] ep 1 step 3000/8732 loss 0.5314 det 0.1381 da 0.1491 lane 0.1012 budget 0.0000 feat 0.095 out_da 0.033 out_lane 0.015 385ms/step
[stage A] ep 1 step 3050/8732 loss 0.5300 det 0.1379 da 0.1485 lane 0.1009 budget 0.0000 feat 0.095 out_da 0.033 out_lane 0.015 385ms/step
[stage A] ep 1 step 3100/8732 loss 0.5285 det 0.1377 da 0.1479 lane 0.1005 budget 0.0000 feat 0.095 out_da 0.033 out_lane 0.015 385ms/step
[stage A] ep 1 step 3150/8732 loss 0.5273 det 0.1376 da 0.1475 lane 0.1002 budget 0.0000 feat 0.095 out_da 0.033 out_lane 0.015 385ms/step
[stage A] ep 1 step 3200/8732 loss 0.5260 det 0.1374 da 0.1470 lane 0.0999 budget 0.0000 feat 0.094 out_da 0.033 out_lane 0.015 385ms/step
[stage A] ep 1 step 3250/8732 loss 0.5250 det 0.1372 da 0.1467 lane 0.0996 budget 0.0000 feat 0.094 out_da 0.033 out_lane 0.014 385ms/step
