/home/mycode/ai_study/gpu_env/lib/python3.12/site-packages/thop/vision/calc_func.py:53: UserWarning: This API is being deprecated
  warnings.warn("This API is being deprecated")
/home/mycode/ai_study/gpu_env/lib/python3.12/site-packages/torch/functional.py:505: UserWarning: torch.meshgrid: in an upcoming release, it will be required to pass the indexing argument. (Triggered internally at /pytorch/aten/src/ATen/native/TensorShape.cpp:4381.)
  return _VF.meshgrid(tensors, **kwargs)  # type: ignore[attr-defined]
[profile] params=0.151M flops=1.827G lat=4.42ms fps=226.4 mem=39.7MiB
  [1000/10000] fwd 7.4ms/img elapsed 22s
  [2000/10000] fwd 7.0ms/img elapsed 44s
  [3000/10000] fwd 7.0ms/img elapsed 65s
  [4000/10000] fwd 6.9ms/img elapsed 86s
  [5000/10000] fwd 6.9ms/img elapsed 108s
  [6000/10000] fwd 6.9ms/img elapsed 130s
  [7000/10000] fwd 6.9ms/img elapsed 151s
  [8000/10000] fwd 6.9ms/img elapsed 172s
  [9000/10000] fwd 6.9ms/img elapsed 194s
  [10000/10000] fwd 6.9ms/img elapsed 216s
[eval] 10000 images, forward 6.9ms/img (CUDA-synced), total 216s
{
  "model": "TriLiteNet",
  "split": "tri_val",
  "input_size": [
    640,
    640
  ],
  "mAP50": 0.4953,
  "mAP50_95": 0.2023,
  "det_n_gt": 108363,
  "det_n_pred": 2811053,
  "da_pixel_acc": 0.9618,
  "da_fg_iou": 0.8045,
  "da_mIoU": 0.8796,
  "lane_pixel_acc": 0.9875,
  "lane_fg_iou": 0.1952,
  "lane_mIoU": 0.5914,
  "lane_line_acc": 0.679,
  "parameters": 151413,
  "flops": 1826627584.0,
  "model_size_mb": 0.606,
  "avg_latency_ms": 4.417,
  "p50_latency_ms": 4.279,
  "p95_latency_ms": 5.455,
  "fps": 226.42,
  "gpu_memory_mib": 39.7
}
saved -> experiments/exp_001/TriLiteNet-tiny/metrics.json
