/home/mycode/ai_study/gpu_env/lib/python3.12/site-packages/thop/vision/calc_func.py:53: UserWarning: This API is being deprecated
  warnings.warn("This API is being deprecated")
/home/mycode/ai_study/gpu_env/lib/python3.12/site-packages/torch/functional.py:505: UserWarning: torch.meshgrid: in an upcoming release, it will be required to pass the indexing argument. (Triggered internally at /pytorch/aten/src/ATen/native/TensorShape.cpp:4381.)
  return _VF.meshgrid(tensors, **kwargs)  # type: ignore[attr-defined]
[profile] params=0.592M flops=6.609G lat=6.84ms fps=146.1 mem=62.9MiB
  [1000/10000] fwd 7.6ms/img elapsed 21s
  [2000/10000] fwd 8.0ms/img elapsed 44s
  [3000/10000] fwd 8.0ms/img elapsed 66s
  [4000/10000] fwd 8.1ms/img elapsed 88s
  [5000/10000] fwd 8.0ms/img elapsed 110s
  [6000/10000] fwd 8.0ms/img elapsed 131s
  [7000/10000] fwd 8.0ms/img elapsed 151s
  [8000/10000] fwd 8.0ms/img elapsed 173s
  [9000/10000] fwd 8.0ms/img elapsed 194s
  [10000/10000] fwd 8.0ms/img elapsed 214s
[eval] 10000 images, forward 8.0ms/img (CUDA-synced), total 214s
{
  "model": "TriLiteNet-small",
  "split": "tri_val",
  "input_size": [
    640,
    640
  ],
  "mAP50": 0.6326,
  "mAP50_95": 0.3131,
  "det_n_gt": 108363,
  "det_n_pred": 2235260,
  "da_pixel_acc": 0.9705,
  "da_fg_iou": 0.8458,
  "da_mIoU": 0.9053,
  "lane_pixel_acc": 0.9876,
  "lane_fg_iou": 0.2198,
  "lane_mIoU": 0.6037,
  "lane_line_acc": 0.7064,
  "parameters": 592338,
  "flops": 6609029120.0,
  "model_size_mb": 2.369,
  "avg_latency_ms": 6.842,
  "p50_latency_ms": 5.523,
  "p95_latency_ms": 12.192,
  "fps": 146.15,
  "gpu_memory_mib": 62.9
}
saved -> experiments/exp_001/TriLiteNet-small/metrics.json
