/home/mycode/ai_study/gpu_env/lib/python3.12/site-packages/thop/vision/calc_func.py:53: UserWarning: This API is being deprecated
  warnings.warn("This API is being deprecated")
[profile] params=0.440M flops=14.063G lat=8.97ms fps=111.4 mem=402.9MiB
  [1000/10000] fwd 8.5ms/img elapsed 21s
  [2000/10000] fwd 8.7ms/img elapsed 42s
  [3000/10000] fwd 8.7ms/img elapsed 63s
  [4000/10000] fwd 8.7ms/img elapsed 86s
  [5000/10000] fwd 8.7ms/img elapsed 108s
  [6000/10000] fwd 8.8ms/img elapsed 128s
  [7000/10000] fwd 8.8ms/img elapsed 149s
  [8000/10000] fwd 8.8ms/img elapsed 170s
  [9000/10000] fwd 8.8ms/img elapsed 191s
  [10000/10000] fwd 8.8ms/img elapsed 212s
[eval] 10000 images, forward 8.8ms/img (CUDA-synced), total 212s
{
  "model": "TwinLiteNet",
  "split": "tri_val",
  "input_size": [
    640,
    640
  ],
  "da_pixel_acc": 0.9729,
  "da_fg_iou": 0.8551,
  "da_mIoU": 0.9114,
  "lane_pixel_acc": 0.9874,
  "lane_fg_iou": 0.2281,
  "lane_mIoU": 0.6077,
  "lane_line_acc": 0.7203,
  "parameters": 439633,
  "flops": 14062777280.0,
  "model_size_mb": 1.759,
  "avg_latency_ms": 8.975,
  "p50_latency_ms": 9.236,
  "p95_latency_ms": 10.232,
  "fps": 111.42,
  "gpu_memory_mib": 402.9
}
saved -> experiments/exp_001/TwinLiteNet/metrics.json
