/home/mycode/ai_study/gpu_env/lib/python3.12/site-packages/thop/vision/calc_func.py:53: UserWarning: This API is being deprecated
  warnings.warn("This API is being deprecated")
[profile] params=0.122M flops=4.667G lat=6.10ms fps=163.8 mem=60.9MiB
  [1000/10000] fwd 7.0ms/img elapsed 23s
  [2000/10000] fwd 7.1ms/img elapsed 46s
  [3000/10000] fwd 7.1ms/img elapsed 69s
  [4000/10000] fwd 7.1ms/img elapsed 93s
  [5000/10000] fwd 7.1ms/img elapsed 116s
  [6000/10000] fwd 7.1ms/img elapsed 139s
  [7000/10000] fwd 7.0ms/img elapsed 161s
  [8000/10000] fwd 7.0ms/img elapsed 184s
  [9000/10000] fwd 7.0ms/img elapsed 206s
  [10000/10000] fwd 7.0ms/img elapsed 228s
[eval] 10000 images, forward 7.0ms/img (CUDA-synced), total 228s
{
  "model": "TwinLiteNetPlus-small",
  "split": "tri_val",
  "input_size": [
    640,
    640
  ],
  "da_pixel_acc": 0.9693,
  "da_fg_iou": 0.8336,
  "da_mIoU": 0.8986,
  "lane_pixel_acc": 0.9874,
  "lane_fg_iou": 0.2165,
  "lane_mIoU": 0.6019,
  "lane_line_acc": 0.7062,
  "parameters": 121552,
  "flops": 4667019776.0,
  "model_size_mb": 0.486,
  "avg_latency_ms": 6.103,
  "p50_latency_ms": 4.896,
  "p95_latency_ms": 9.617,
  "fps": 163.84,
  "gpu_memory_mib": 60.9
}
saved -> experiments/exp_001/TwinLiteNetPlus-small/metrics.json
