/home/mycode/ai_study/gpu_env/lib/python3.12/site-packages/torch/functional.py:505: UserWarning: torch.meshgrid: in an upcoming release, it will be required to pass the indexing argument. (Triggered internally at /pytorch/aten/src/ATen/native/TensorShape.cpp:4381.)
  return _VF.meshgrid(tensors, **kwargs)  # type: ignore[attr-defined]
[profile] params=7.941M flops=31.281G lat=14.59ms fps=68.5 mem=106.2MiB
  [1000/10000] fwd 11.4ms/img elapsed 25s
  [2000/10000] fwd 12.8ms/img elapsed 53s
  [3000/10000] fwd 13.2ms/img elapsed 81s
  [4000/10000] fwd 13.2ms/img elapsed 107s
  [5000/10000] fwd 12.9ms/img elapsed 132s
  [6000/10000] fwd 12.9ms/img elapsed 159s
  [7000/10000] fwd 13.2ms/img elapsed 188s
  [8000/10000] fwd 13.4ms/img elapsed 217s
  [9000/10000] fwd 13.4ms/img elapsed 244s
  [10000/10000] fwd 13.4ms/img elapsed 272s
[eval] 10000 images, forward 13.4ms/img (CUDA-synced), total 272s
{
  "model": "YOLOP",
  "split": "tri_val",
  "input_size": [
    640,
    640
  ],
  "mAP50": 0.7657,
  "mAP50_95": 0.4406,
  "det_n_gt": 108363,
  "det_n_pred": 1110556,
  "da_pixel_acc": 0.9727,
  "da_fg_iou": 0.8556,
  "da_mIoU": 0.9115,
  "lane_pixel_acc": 0.9831,
  "lane_fg_iou": 0.2247,
  "lane_mIoU": 0.6038,
  "lane_line_acc": 0.7896,
  "parameters": 7940846,
  "flops": 31281152000.0,
  "model_size_mb": 31.763,
  "avg_latency_ms": 14.59,
  "p50_latency_ms": 12.103,
  "p95_latency_ms": 22.863,
  "fps": 68.54,
  "gpu_memory_mib": 106.2
}
saved -> experiments/exp_001/YOLOP/metrics.json
