[train] init from experiments/expA_equal_budget/dynA_s2/checkpoint.pt: loaded 256/256 keys missing=5 unexpected=0
[train] stage=B adaptive=True params=0.235M
/home/mycode/ai_study/trac/training/train.py:100: UserWarning: Converting a tensor with requires_grad=True to a scalar may lead to unexpected behavior.
Consider using tensor.detach() first. (Triggered internally at /pytorch/torch/csrc/autograd/generated/python_variable_methods.cpp:836.)
  running[k] = running.get(k, 0.0) + float(v)
[stage B] ep 1 step 50/4366 loss 0.2686 det 0.1175 da 0.0875 lane 0.0636 budget 0.0000 143ms/step
[stage B] ep 1 step 100/4366 loss 0.2546 det 0.1154 da 0.0774 lane 0.0618 budget 0.0000 127ms/step
[stage B] ep 1 step 150/4366 loss 0.2479 det 0.1137 da 0.0739 lane 0.0603 budget 0.0000 121ms/step
[stage B] ep 1 step 200/4366 loss 0.2429 det 0.1123 da 0.0706 lane 0.0600 budget 0.0000 118ms/step
[stage B] ep 1 step 250/4366 loss 0.2398 det 0.1116 da 0.0689 lane 0.0593 budget 0.0000 117ms/step
[stage B] ep 1 step 300/4366 loss 0.2384 det 0.1110 da 0.0680 lane 0.0594 budget 0.0000 115ms/step
[stage B] ep 1 step 350/4366 loss 0.2370 det 0.1105 da 0.0671 lane 0.0595 budget 0.0000 115ms/step
[stage B] ep 1 step 400/4366 loss 0.2367 det 0.1101 da 0.0671 lane 0.0595 budget 0.0000 114ms/step
[stage B] ep 1 step 450/4366 loss 0.2363 det 0.1099 da 0.0670 lane 0.0594 budget 0.0000 113ms/step
[stage B] ep 1 step 500/4366 loss 0.2353 det 0.1098 da 0.0663 lane 0.0592 budget 0.0000 113ms/step
[stage B] ep 1 step 550/4366 loss 0.2355 det 0.1098 da 0.0665 lane 0.0592 budget 0.0000 113ms/step
[stage B] ep 1 step 600/4366 loss 0.2349 det 0.1097 da 0.0661 lane 0.0591 budget 0.0000 112ms/step
[stage B] ep 1 step 650/4366 loss 0.2349 det 0.1095 da 0.0663 lane 0.0591 budget 0.0000 112ms/step
[stage B] ep 1 step 700/4366 loss 0.2344 det 0.1095 da 0.0659 lane 0.0590 budget 0.0000 112ms/step
[stage B] ep 1 step 750/4366 loss 0.2342 det 0.1094 da 0.0657 lane 0.0590 budget 0.0000 112ms/step
[stage B] ep 1 step 800/4366 loss 0.2339 det 0.1093 da 0.0656 lane 0.0590 budget 0.0000 112ms/step
[stage B] ep 1 step 850/4366 loss 0.2335 det 0.1093 da 0.0654 lane 0.0588 budget 0.0000 111ms/step
[stage B] ep 1 step 900/4366 loss 0.2332 det 0.1091 da 0.0652 lane 0.0588 budget 0.0000 111ms/step
[stage B] ep 1 step 950/4366 loss 0.2331 det 0.1091 da 0.0652 lane 0.0588 budget 0.0000 111ms/step
[stage B] ep 1 step 1000/4366 loss 0.2328 det 0.1090 da 0.0651 lane 0.0588 budget 0.0000 111ms/step
[stage B] ep 1 step 1050/4366 loss 0.2326 det 0.1090 da 0.0649 lane 0.0587 budget 0.0000 111ms/step
[stage B] ep 1 step 1100/4366 loss 0.2323 det 0.1090 da 0.0646 lane 0.0587 budget 0.0000 111ms/step
[stage B] ep 1 step 1150/4366 loss 0.2321 det 0.1090 da 0.0645 lane 0.0586 budget 0.0000 111ms/step
[stage B] ep 1 step 1200/4366 loss 0.2320 det 0.1089 da 0.0645 lane 0.0586 budget 0.0000 111ms/step
[stage B] ep 1 step 1250/4366 loss 0.2320 det 0.1088 da 0.0645 lane 0.0586 budget 0.0000 111ms/step
[stage B] ep 1 step 1300/4366 loss 0.2320 det 0.1088 da 0.0645 lane 0.0586 budget 0.0000 111ms/step
[stage B] ep 1 step 1350/4366 loss 0.2318 det 0.1088 da 0.0644 lane 0.0586 budget 0.0000 111ms/step
[stage B] ep 1 step 1400/4366 loss 0.2317 det 0.1088 da 0.0643 lane 0.0586 budget 0.0000 111ms/step
[stage B] ep 1 step 1450/4366 loss 0.2318 det 0.1088 da 0.0644 lane 0.0585 budget 0.0000 111ms/step
[stage B] ep 1 step 1500/4366 loss 0.2317 det 0.1088 da 0.0644 lane 0.0585 budget 0.0000 111ms/step
[stage B] ep 1 step 1550/4366 loss 0.2315 det 0.1088 da 0.0642 lane 0.0584 budget 0.0000 111ms/step
[stage B] ep 1 step 1600/4366 loss 0.2314 det 0.1088 da 0.0642 lane 0.0585 budget 0.0000 111ms/step
[stage B] ep 1 step 1650/4366 loss 0.2313 det 0.1088 da 0.0642 lane 0.0584 budget 0.0000 111ms/step
[stage B] ep 1 step 1700/4366 loss 0.2313 det 0.1087 da 0.0642 lane 0.0584 budget 0.0000 111ms/step
[stage B] ep 1 step 1750/4366 loss 0.2312 det 0.1087 da 0.0641 lane 0.0584 budget 0.0000 110ms/step
[stage B] ep 1 step 1800/4366 loss 0.2312 det 0.1087 da 0.0641 lane 0.0584 budget 0.0000 110ms/step
[stage B] ep 1 step 1850/4366 loss 0.2313 det 0.1087 da 0.0642 lane 0.0585 budget 0.0000 110ms/step
[stage B] ep 1 step 1900/4366 loss 0.2315 det 0.1087 da 0.0643 lane 0.0585 budget 0.0000 110ms/step
[stage B] ep 1 step 1950/4366 loss 0.2314 det 0.1086 da 0.0643 lane 0.0585 budget 0.0000 110ms/step
[stage B] ep 1 step 2000/4366 loss 0.2313 det 0.1087 da 0.0642 lane 0.0585 budget 0.0000 110ms/step
[stage B] ep 1 step 2050/4366 loss 0.2312 det 0.1086 da 0.0641 lane 0.0584 budget 0.0000 110ms/step
[stage B] ep 1 step 2100/4366 loss 0.2311 det 0.1086 da 0.0640 lane 0.0584 budget 0.0000 110ms/step
[stage B] ep 1 step 2150/4366 loss 0.2311 det 0.1087 da 0.0640 lane 0.0584 budget 0.0000 110ms/step
[stage B] ep 1 step 2200/4366 loss 0.2311 det 0.1086 da 0.0640 lane 0.0584 budget 0.0000 110ms/step
[stage B] ep 1 step 2250/4366 loss 0.2310 det 0.1086 da 0.0639 lane 0.0585 budget 0.0000 110ms/step
[stage B] ep 1 step 2300/4366 loss 0.2309 det 0.1086 da 0.0639 lane 0.0585 budget 0.0000 110ms/step
[stage B] ep 1 step 2350/4366 loss 0.2309 det 0.1086 da 0.0639 lane 0.0585 budget 0.0000 110ms/step
[stage B] ep 1 step 2400/4366 loss 0.2308 det 0.1085 da 0.0639 lane 0.0584 budget 0.0000 110ms/step
[stage B] ep 1 step 2450/4366 loss 0.2308 det 0.1085 da 0.0639 lane 0.0584 budget 0.0000 110ms/step
[stage B] ep 1 step 2500/4366 loss 0.2307 det 0.1085 da 0.0638 lane 0.0584 budget 0.0000 110ms/step
[stage B] ep 1 step 2550/4366 loss 0.2307 det 0.1085 da 0.0638 lane 0.0584 budget 0.0000 110ms/step
[stage B] ep 1 step 2600/4366 loss 0.2307 det 0.1085 da 0.0637 lane 0.0584 budget 0.0000 110ms/step
[stage B] ep 1 step 2650/4366 loss 0.2306 det 0.1085 da 0.0637 lane 0.0585 budget 0.0000 110ms/step
[stage B] ep 1 step 2700/4366 loss 0.2306 det 0.1085 da 0.0637 lane 0.0585 budget 0.0000 110ms/step
[stage B] ep 1 step 2750/4366 loss 0.2305 det 0.1084 da 0.0636 lane 0.0585 budget 0.0000 110ms/step
[stage B] ep 1 step 2800/4366 loss 0.2305 det 0.1084 da 0.0637 lane 0.0585 budget 0.0000 110ms/step
[stage B] ep 1 step 2850/4366 loss 0.2305 det 0.1084 da 0.0637 lane 0.0585 budget 0.0000 110ms/step
[stage B] ep 1 step 2900/4366 loss 0.2305 det 0.1084 da 0.0637 lane 0.0585 budget 0.0000 110ms/step
[stage B] ep 1 step 2950/4366 loss 0.2305 det 0.1084 da 0.0636 lane 0.0584 budget 0.0000 110ms/step
[stage B] ep 1 step 3000/4366 loss 0.2304 det 0.1084 da 0.0636 lane 0.0584 budget 0.0000 110ms/step
[stage B] ep 1 step 3050/4366 loss 0.2304 det 0.1084 da 0.0636 lane 0.0584 budget 0.0000 110ms/step
[stage B] ep 1 step 3100/4366 loss 0.2304 det 0.1084 da 0.0636 lane 0.0584 budget 0.0000 110ms/step
[stage B] ep 1 step 3150/4366 loss 0.2304 det 0.1083 da 0.0637 lane 0.0584 budget 0.0000 110ms/step
[stage B] ep 1 step 3200/4366 loss 0.2304 det 0.1084 da 0.0637 lane 0.0584 budget 0.0000 110ms/step
[stage B] ep 1 step 3250/4366 loss 0.2303 det 0.1084 da 0.0636 lane 0.0584 budget 0.0000 110ms/step
[stage B] ep 1 step 3300/4366 loss 0.2303 det 0.1083 da 0.0636 lane 0.0584 budget 0.0000 110ms/step
[stage B] ep 1 step 3350/4366 loss 0.2303 det 0.1084 da 0.0636 lane 0.0584 budget 0.0000 110ms/step
[stage B] ep 1 step 3400/4366 loss 0.2304 det 0.1084 da 0.0637 lane 0.0584 budget 0.0000 110ms/step
[stage B] ep 1 step 3450/4366 loss 0.2304 det 0.1084 da 0.0637 lane 0.0584 budget 0.0000 110ms/step
[stage B] ep 1 step 3500/4366 loss 0.2304 det 0.1084 da 0.0637 lane 0.0584 budget 0.0000 110ms/step
[stage B] ep 1 step 3550/4366 loss 0.2304 det 0.1083 da 0.0637 lane 0.0584 budget 0.0000 110ms/step
[stage B] ep 1 step 3600/4366 loss 0.2304 det 0.1083 da 0.0637 lane 0.0584 budget 0.0000 110ms/step
[stage B] ep 1 step 3650/4366 loss 0.2304 det 0.1084 da 0.0637 lane 0.0584 budget 0.0000 110ms/step
[stage B] ep 1 step 3700/4366 loss 0.2304 det 0.1084 da 0.0637 lane 0.0583 budget 0.0000 110ms/step
[stage B] ep 1 step 3750/4366 loss 0.2304 det 0.1084 da 0.0637 lane 0.0583 budget 0.0000 110ms/step
[stage B] ep 1 step 3800/4366 loss 0.2304 det 0.1084 da 0.0637 lane 0.0583 budget 0.0000 110ms/step
[stage B] ep 1 step 3850/4366 loss 0.2304 det 0.1084 da 0.0636 lane 0.0583 budget 0.0000 110ms/step
[stage B] ep 1 step 3900/4366 loss 0.2303 det 0.1084 da 0.0637 lane 0.0583 budget 0.0000 110ms/step
[stage B] ep 1 step 3950/4366 loss 0.2303 det 0.1084 da 0.0636 lane 0.0583 budget 0.0000 110ms/step
[stage B] ep 1 step 4000/4366 loss 0.2303 det 0.1084 da 0.0636 lane 0.0583 budget 0.0000 110ms/step
[stage B] ep 1 step 4050/4366 loss 0.2303 det 0.1084 da 0.0636 lane 0.0583 budget 0.0000 110ms/step
[stage B] ep 1 step 4100/4366 loss 0.2303 det 0.1084 da 0.0636 lane 0.0583 budget 0.0000 110ms/step
[stage B] ep 1 step 4150/4366 loss 0.2303 det 0.1084 da 0.0636 lane 0.0583 budget 0.0000 110ms/step
[stage B] ep 1 step 4200/4366 loss 0.2303 det 0.1084 da 0.0637 lane 0.0583 budget 0.0000 110ms/step
[stage B] ep 1 step 4250/4366 loss 0.2303 det 0.1084 da 0.0637 lane 0.0583 budget 0.0000 110ms/step
[stage B] ep 1 step 4300/4366 loss 0.2303 det 0.1084 da 0.0636 lane 0.0583 budget 0.0000 110ms/step
[stage B] ep 1 step 4350/4366 loss 0.2303 det 0.1084 da 0.0637 lane 0.0583 budget 0.0000 110ms/step
[stage B] ep 1 DONE avg_loss=0.2303 saved experiments/expA_equal_budget/dynB_s2/checkpoint.pt
[stage B] ep 2 step 50/4366 loss 0.2269 det 0.1078 da 0.0628 lane 0.0563 budget 0.0000 119ms/step
[stage B] ep 2 step 100/4366 loss 0.2286 det 0.1082 da 0.0628 lane 0.0576 budget 0.0000 115ms/step
[stage B] ep 2 step 150/4366 loss 0.2282 det 0.1083 da 0.0623 lane 0.0575 budget 0.0000 114ms/step
[stage B] ep 2 step 200/4366 loss 0.2285 det 0.1084 da 0.0626 lane 0.0576 budget 0.0000 113ms/step
[stage B] ep 2 step 250/4366 loss 0.2284 det 0.1085 da 0.0621 lane 0.0578 budget 0.0000 112ms/step
[stage B] ep 2 step 300/4366 loss 0.2285 det 0.1086 da 0.0621 lane 0.0577 budget 0.0000 112ms/step
[stage B] ep 2 step 350/4366 loss 0.2294 det 0.1087 da 0.0628 lane 0.0579 budget 0.0000 112ms/step
[stage B] ep 2 step 400/4366 loss 0.2293 det 0.1086 da 0.0628 lane 0.0578 budget 0.0000 112ms/step
[stage B] ep 2 step 450/4366 loss 0.2294 det 0.1087 da 0.0629 lane 0.0579 budget 0.0000 112ms/step
[stage B] ep 2 step 500/4366 loss 0.2295 det 0.1087 da 0.0630 lane 0.0579 budget 0.0000 112ms/step
[stage B] ep 2 step 550/4366 loss 0.2293 det 0.1086 da 0.0628 lane 0.0579 budget 0.0000 112ms/step
[stage B] ep 2 step 600/4366 loss 0.2293 det 0.1086 da 0.0629 lane 0.0579 budget 0.0000 112ms/step
[stage B] ep 2 step 650/4366 loss 0.2294 det 0.1085 da 0.0629 lane 0.0580 budget 0.0000 111ms/step
[stage B] ep 2 step 700/4366 loss 0.2297 det 0.1086 da 0.0630 lane 0.0582 budget 0.0000 111ms/step
[stage B] ep 2 step 750/4366 loss 0.2293 det 0.1085 da 0.0628 lane 0.0580 budget 0.0000 111ms/step
[stage B] ep 2 step 800/4366 loss 0.2293 det 0.1084 da 0.0628 lane 0.0581 budget 0.0000 111ms/step
[stage B] ep 2 step 850/4366 loss 0.2292 det 0.1083 da 0.0629 lane 0.0580 budget 0.0000 111ms/step
[stage B] ep 2 step 900/4366 loss 0.2293 det 0.1083 da 0.0630 lane 0.0580 budget 0.0000 111ms/step
[stage B] ep 2 step 950/4366 loss 0.2295 det 0.1083 da 0.0633 lane 0.0580 budget 0.0000 111ms/step
[stage B] ep 2 step 1000/4366 loss 0.2295 det 0.1082 da 0.0633 lane 0.0580 budget 0.0000 111ms/step
[stage B] ep 2 step 1050/4366 loss 0.2295 det 0.1083 da 0.0632 lane 0.0581 budget 0.0000 111ms/step
[stage B] ep 2 step 1100/4366 loss 0.2293 det 0.1083 da 0.0631 lane 0.0579 budget 0.0000 111ms/step
[stage B] ep 2 step 1150/4366 loss 0.2291 det 0.1083 da 0.0630 lane 0.0579 budget 0.0000 111ms/step
[stage B] ep 2 step 1200/4366 loss 0.2291 det 0.1083 da 0.0629 lane 0.0579 budget 0.0000 111ms/step
[stage B] ep 2 step 1250/4366 loss 0.2290 det 0.1082 da 0.0628 lane 0.0580 budget 0.0000 111ms/step
[stage B] ep 2 step 1300/4366 loss 0.2290 det 0.1082 da 0.0628 lane 0.0580 budget 0.0000 111ms/step
[stage B] ep 2 step 1350/4366 loss 0.2288 det 0.1082 da 0.0627 lane 0.0580 budget 0.0000 111ms/step
[stage B] ep 2 step 1400/4366 loss 0.2288 det 0.1081 da 0.0627 lane 0.0579 budget 0.0000 111ms/step
[stage B] ep 2 step 1450/4366 loss 0.2289 det 0.1081 da 0.0627 lane 0.0580 budget 0.0000 111ms/step
[stage B] ep 2 step 1500/4366 loss 0.2287 det 0.1081 da 0.0627 lane 0.0579 budget 0.0000 111ms/step
[stage B] ep 2 step 1550/4366 loss 0.2287 det 0.1081 da 0.0627 lane 0.0579 budget 0.0000 111ms/step
[stage B] ep 2 step 1600/4366 loss 0.2288 det 0.1081 da 0.0627 lane 0.0580 budget 0.0000 111ms/step
[stage B] ep 2 step 1650/4366 loss 0.2288 det 0.1081 da 0.0627 lane 0.0580 budget 0.0000 111ms/step
[stage B] ep 2 step 1700/4366 loss 0.2289 det 0.1081 da 0.0628 lane 0.0580 budget 0.0000 111ms/step
[stage B] ep 2 step 1750/4366 loss 0.2288 det 0.1081 da 0.0628 lane 0.0580 budget 0.0000 111ms/step
[stage B] ep 2 step 1800/4366 loss 0.2288 det 0.1081 da 0.0627 lane 0.0580 budget 0.0000 111ms/step
[stage B] ep 2 step 1850/4366 loss 0.2289 det 0.1081 da 0.0628 lane 0.0580 budget 0.0000 111ms/step
[stage B] ep 2 step 1900/4366 loss 0.2289 det 0.1081 da 0.0628 lane 0.0580 budget 0.0000 111ms/step
[stage B] ep 2 step 1950/4366 loss 0.2290 det 0.1081 da 0.0629 lane 0.0580 budget 0.0000 111ms/step
[stage B] ep 2 step 2000/4366 loss 0.2290 det 0.1081 da 0.0629 lane 0.0580 budget 0.0000 111ms/step
[stage B] ep 2 step 2050/4366 loss 0.2291 det 0.1081 da 0.0630 lane 0.0580 budget 0.0000 111ms/step
[stage B] ep 2 step 2100/4366 loss 0.2291 det 0.1082 da 0.0629 lane 0.0580 budget 0.0000 111ms/step
[stage B] ep 2 step 2150/4366 loss 0.2291 det 0.1082 da 0.0629 lane 0.0580 budget 0.0000 111ms/step
[stage B] ep 2 step 2200/4366 loss 0.2292 det 0.1082 da 0.0630 lane 0.0580 budget 0.0000 111ms/step
[stage B] ep 2 step 2250/4366 loss 0.2292 det 0.1082 da 0.0630 lane 0.0580 budget 0.0000 111ms/step
[stage B] ep 2 step 2300/4366 loss 0.2292 det 0.1082 da 0.0631 lane 0.0580 budget 0.0000 111ms/step
[stage B] ep 2 step 2350/4366 loss 0.2292 det 0.1082 da 0.0631 lane 0.0580 budget 0.0000 111ms/step
[stage B] ep 2 step 2400/4366 loss 0.2292 det 0.1082 da 0.0630 lane 0.0580 budget 0.0000 111ms/step
[stage B] ep 2 step 2450/4366 loss 0.2292 det 0.1082 da 0.0631 lane 0.0580 budget 0.0000 111ms/step
[stage B] ep 2 step 2500/4366 loss 0.2293 det 0.1082 da 0.0631 lane 0.0580 budget 0.0000 111ms/step
[stage B] ep 2 step 2550/4366 loss 0.2292 det 0.1081 da 0.0631 lane 0.0581 budget 0.0000 111ms/step
[stage B] ep 2 step 2600/4366 loss 0.2293 det 0.1081 da 0.0631 lane 0.0581 budget 0.0000 111ms/step
[stage B] ep 2 step 2650/4366 loss 0.2292 det 0.1081 da 0.0631 lane 0.0580 budget 0.0000 111ms/step
[stage B] ep 2 step 2700/4366 loss 0.2292 det 0.1081 da 0.0630 lane 0.0580 budget 0.0000 111ms/step
[stage B] ep 2 step 2750/4366 loss 0.2292 det 0.1081 da 0.0630 lane 0.0580 budget 0.0000 111ms/step
[stage B] ep 2 step 2800/4366 loss 0.2291 det 0.1081 da 0.0630 lane 0.0580 budget 0.0000 111ms/step
[stage B] ep 2 step 2850/4366 loss 0.2291 det 0.1081 da 0.0629 lane 0.0580 budget 0.0000 111ms/step
[stage B] ep 2 step 2900/4366 loss 0.2291 det 0.1081 da 0.0630 lane 0.0580 budget 0.0000 111ms/step
[stage B] ep 2 step 2950/4366 loss 0.2291 det 0.1081 da 0.0630 lane 0.0580 budget 0.0000 111ms/step
[stage B] ep 2 step 3000/4366 loss 0.2291 det 0.1081 da 0.0630 lane 0.0580 budget 0.0000 111ms/step
[stage B] ep 2 step 3050/4366 loss 0.2292 det 0.1081 da 0.0630 lane 0.0580 budget 0.0000 111ms/step
[stage B] ep 2 step 3100/4366 loss 0.2291 det 0.1081 da 0.0630 lane 0.0580 budget 0.0000 111ms/step
[stage B] ep 2 step 3150/4366 loss 0.2292 det 0.1081 da 0.0630 lane 0.0580 budget 0.0000 111ms/step
[stage B] ep 2 step 3200/4366 loss 0.2291 det 0.1081 da 0.0630 lane 0.0580 budget 0.0000 111ms/step
[stage B] ep 2 step 3250/4366 loss 0.2291 det 0.1081 da 0.0630 lane 0.0580 budget 0.0000 111ms/step
[stage B] ep 2 step 3300/4366 loss 0.2291 det 0.1081 da 0.0630 lane 0.0580 budget 0.0000 111ms/step
[stage B] ep 2 step 3350/4366 loss 0.2292 det 0.1081 da 0.0630 lane 0.0581 budget 0.0000 111ms/step
[stage B] ep 2 step 3400/4366 loss 0.2291 det 0.1081 da 0.0630 lane 0.0581 budget 0.0000 111ms/step
[stage B] ep 2 step 3450/4366 loss 0.2292 det 0.1081 da 0.0630 lane 0.0581 budget 0.0000 111ms/step
[stage B] ep 2 step 3500/4366 loss 0.2292 det 0.1081 da 0.0630 lane 0.0580 budget 0.0000 111ms/step
[stage B] ep 2 step 3550/4366 loss 0.2292 det 0.1081 da 0.0630 lane 0.0581 budget 0.0000 111ms/step
[stage B] ep 2 step 3600/4366 loss 0.2292 det 0.1081 da 0.0630 lane 0.0581 budget 0.0000 111ms/step
[stage B] ep 2 step 3650/4366 loss 0.2291 det 0.1081 da 0.0630 lane 0.0580 budget 0.0000 111ms/step
[stage B] ep 2 step 3700/4366 loss 0.2291 det 0.1081 da 0.0630 lane 0.0581 budget 0.0000 111ms/step
[stage B] ep 2 step 3750/4366 loss 0.2292 det 0.1081 da 0.0630 lane 0.0581 budget 0.0000 111ms/step
[stage B] ep 2 step 3800/4366 loss 0.2292 det 0.1081 da 0.0630 lane 0.0581 budget 0.0000 111ms/step
[stage B] ep 2 step 3850/4366 loss 0.2292 det 0.1081 da 0.0630 lane 0.0581 budget 0.0000 111ms/step
[stage B] ep 2 step 3900/4366 loss 0.2291 det 0.1081 da 0.0630 lane 0.0580 budget 0.0000 111ms/step
[stage B] ep 2 step 3950/4366 loss 0.2290 det 0.1080 da 0.0630 lane 0.0580 budget 0.0000 111ms/step
[stage B] ep 2 step 4000/4366 loss 0.2290 det 0.1080 da 0.0630 lane 0.0580 budget 0.0000 111ms/step
[stage B] ep 2 step 4050/4366 loss 0.2290 det 0.1080 da 0.0630 lane 0.0580 budget 0.0000 111ms/step
[stage B] ep 2 step 4100/4366 loss 0.2290 det 0.1080 da 0.0630 lane 0.0580 budget 0.0000 111ms/step
[stage B] ep 2 step 4150/4366 loss 0.2290 det 0.1080 da 0.0630 lane 0.0580 budget 0.0000 111ms/step
[stage B] ep 2 step 4200/4366 loss 0.2290 det 0.1080 da 0.0630 lane 0.0580 budget 0.0000 111ms/step
[stage B] ep 2 step 4250/4366 loss 0.2290 det 0.1080 da 0.0630 lane 0.0580 budget 0.0000 111ms/step
[stage B] ep 2 step 4300/4366 loss 0.2290 det 0.1080 da 0.0630 lane 0.0580 budget 0.0000 111ms/step
[stage B] ep 2 step 4350/4366 loss 0.2290 det 0.1080 da 0.0630 lane 0.0580 budget 0.0000 111ms/step
[stage B] ep 2 DONE avg_loss=0.2290 saved experiments/expA_equal_budget/dynB_s2/checkpoint.pt
[train] done -> experiments/expA_equal_budget/dynB_s2
