[train] init from experiments/expA_equal_budget/dynC_s2/checkpoint.pt: loaded 261/261 keys missing=0 unexpected=0
[train] stage=D adaptive=True params=0.235M
/home/mycode/ai_study/trac/training/train.py:100: UserWarning: Converting a tensor with requires_grad=True to a scalar may lead to unexpected behavior.
Consider using tensor.detach() first. (Triggered internally at /pytorch/torch/csrc/autograd/generated/python_variable_methods.cpp:836.)
  running[k] = running.get(k, 0.0) + float(v)
[stage D] ep 1 step 50/4366 loss 0.5716 det 0.1078 da 0.0585 lane 0.0575 budget 0.3478 175ms/step
[stage D] ep 1 step 100/4366 loss 0.4663 det 0.1108 da 0.0620 lane 0.0585 budget 0.2351 160ms/step
[stage D] ep 1 step 150/4366 loss 0.3958 det 0.1124 da 0.0646 lane 0.0582 budget 0.1606 155ms/step
[stage D] ep 1 step 200/4366 loss 0.3554 det 0.1124 da 0.0638 lane 0.0585 budget 0.1207 154ms/step
[stage D] ep 1 step 250/4366 loss 0.3307 det 0.1124 da 0.0636 lane 0.0581 budget 0.0967 152ms/step
[stage D] ep 1 step 300/4366 loss 0.3145 det 0.1122 da 0.0633 lane 0.0583 budget 0.0807 151ms/step
[stage D] ep 1 step 350/4366 loss 0.3022 det 0.1117 da 0.0628 lane 0.0584 budget 0.0693 151ms/step
[stage D] ep 1 step 400/4366 loss 0.2938 det 0.1115 da 0.0630 lane 0.0585 budget 0.0607 150ms/step
[stage D] ep 1 step 450/4366 loss 0.2868 det 0.1112 da 0.0631 lane 0.0584 budget 0.0541 150ms/step
[stage D] ep 1 step 500/4366 loss 0.2808 det 0.1111 da 0.0627 lane 0.0583 budget 0.0487 149ms/step
[stage D] ep 1 step 550/4366 loss 0.2765 det 0.1109 da 0.0629 lane 0.0583 budget 0.0444 149ms/step
[stage D] ep 1 step 600/4366 loss 0.2723 det 0.1108 da 0.0626 lane 0.0582 budget 0.0407 149ms/step
[stage D] ep 1 step 650/4366 loss 0.2692 det 0.1106 da 0.0627 lane 0.0582 budget 0.0376 149ms/step
[stage D] ep 1 step 700/4366 loss 0.2663 det 0.1105 da 0.0626 lane 0.0581 budget 0.0350 149ms/step
[stage D] ep 1 step 750/4366 loss 0.2636 det 0.1103 da 0.0624 lane 0.0582 budget 0.0327 149ms/step
[stage D] ep 1 step 800/4366 loss 0.2613 det 0.1102 da 0.0623 lane 0.0582 budget 0.0307 149ms/step
[stage D] ep 1 step 850/4366 loss 0.2593 det 0.1101 da 0.0623 lane 0.0580 budget 0.0289 149ms/step
[stage D] ep 1 step 900/4366 loss 0.2574 det 0.1099 da 0.0621 lane 0.0580 budget 0.0274 149ms/step
[stage D] ep 1 step 950/4366 loss 0.2558 det 0.1098 da 0.0621 lane 0.0580 budget 0.0260 149ms/step
[stage D] ep 1 step 1000/4366 loss 0.2544 det 0.1096 da 0.0621 lane 0.0580 budget 0.0247 148ms/step
[stage D] ep 1 step 1050/4366 loss 0.2530 det 0.1096 da 0.0619 lane 0.0579 budget 0.0236 148ms/step
[stage D] ep 1 step 1100/4366 loss 0.2517 det 0.1096 da 0.0617 lane 0.0579 budget 0.0225 148ms/step
[stage D] ep 1 step 1150/4366 loss 0.2505 det 0.1095 da 0.0617 lane 0.0578 budget 0.0216 148ms/step
[stage D] ep 1 step 1200/4366 loss 0.2496 det 0.1094 da 0.0617 lane 0.0578 budget 0.0207 148ms/step
[stage D] ep 1 step 1250/4366 loss 0.2488 det 0.1093 da 0.0618 lane 0.0579 budget 0.0199 148ms/step
[stage D] ep 1 step 1300/4366 loss 0.2480 det 0.1092 da 0.0618 lane 0.0579 budget 0.0191 148ms/step
[stage D] ep 1 step 1350/4366 loss 0.2472 det 0.1092 da 0.0617 lane 0.0578 budget 0.0185 148ms/step
[stage D] ep 1 step 1400/4366 loss 0.2465 det 0.1092 da 0.0616 lane 0.0578 budget 0.0178 148ms/step
[stage D] ep 1 step 1450/4366 loss 0.2459 det 0.1092 da 0.0618 lane 0.0577 budget 0.0172 148ms/step
[stage D] ep 1 step 1500/4366 loss 0.2452 det 0.1091 da 0.0617 lane 0.0577 budget 0.0167 148ms/step
[stage D] ep 1 step 1550/4366 loss 0.2445 det 0.1091 da 0.0616 lane 0.0577 budget 0.0162 148ms/step
[stage D] ep 1 step 1600/4366 loss 0.2439 det 0.1090 da 0.0615 lane 0.0577 budget 0.0157 148ms/step
[stage D] ep 1 step 1650/4366 loss 0.2433 det 0.1090 da 0.0615 lane 0.0576 budget 0.0152 148ms/step
[stage D] ep 1 step 1700/4366 loss 0.2428 det 0.1089 da 0.0615 lane 0.0576 budget 0.0148 148ms/step
[stage D] ep 1 step 1750/4366 loss 0.2422 det 0.1088 da 0.0614 lane 0.0576 budget 0.0144 148ms/step
[stage D] ep 1 step 1800/4366 loss 0.2418 det 0.1088 da 0.0615 lane 0.0576 budget 0.0140 148ms/step
[stage D] ep 1 step 1850/4366 loss 0.2415 det 0.1088 da 0.0615 lane 0.0576 budget 0.0136 148ms/step
[stage D] ep 1 step 1900/4366 loss 0.2413 det 0.1088 da 0.0616 lane 0.0577 budget 0.0133 148ms/step
[stage D] ep 1 step 1950/4366 loss 0.2408 det 0.1087 da 0.0615 lane 0.0576 budget 0.0130 148ms/step
[stage D] ep 1 step 2000/4366 loss 0.2404 det 0.1087 da 0.0615 lane 0.0576 budget 0.0127 148ms/step
[stage D] ep 1 step 2050/4366 loss 0.2401 det 0.1087 da 0.0614 lane 0.0576 budget 0.0124 148ms/step
[stage D] ep 1 step 2100/4366 loss 0.2396 det 0.1086 da 0.0613 lane 0.0575 budget 0.0121 148ms/step
[stage D] ep 1 step 2150/4366 loss 0.2394 det 0.1086 da 0.0613 lane 0.0576 budget 0.0118 148ms/step
[stage D] ep 1 step 2200/4366 loss 0.2391 det 0.1086 da 0.0613 lane 0.0576 budget 0.0116 148ms/step
[stage D] ep 1 step 2250/4366 loss 0.2388 det 0.1085 da 0.0613 lane 0.0576 budget 0.0113 148ms/step
[stage D] ep 1 step 2300/4366 loss 0.2385 det 0.1085 da 0.0613 lane 0.0576 budget 0.0111 148ms/step
[stage D] ep 1 step 2350/4366 loss 0.2383 det 0.1085 da 0.0613 lane 0.0576 budget 0.0109 148ms/step
[stage D] ep 1 step 2400/4366 loss 0.2379 det 0.1084 da 0.0613 lane 0.0576 budget 0.0107 147ms/step
[stage D] ep 1 step 2450/4366 loss 0.2377 det 0.1084 da 0.0612 lane 0.0575 budget 0.0105 147ms/step
[stage D] ep 1 step 2500/4366 loss 0.2374 det 0.1084 da 0.0612 lane 0.0575 budget 0.0103 147ms/step
[stage D] ep 1 step 2550/4366 loss 0.2371 det 0.1083 da 0.0611 lane 0.0575 budget 0.0101 147ms/step
[stage D] ep 1 step 2600/4366 loss 0.2369 det 0.1083 da 0.0611 lane 0.0575 budget 0.0099 147ms/step
[stage D] ep 1 step 2650/4366 loss 0.2367 det 0.1083 da 0.0610 lane 0.0575 budget 0.0098 147ms/step
[stage D] ep 1 step 2700/4366 loss 0.2365 det 0.1083 da 0.0610 lane 0.0576 budget 0.0096 147ms/step
[stage D] ep 1 step 2750/4366 loss 0.2362 det 0.1083 da 0.0610 lane 0.0575 budget 0.0094 147ms/step
[stage D] ep 1 step 2800/4366 loss 0.2360 det 0.1082 da 0.0610 lane 0.0575 budget 0.0093 147ms/step
[stage D] ep 1 step 2850/4366 loss 0.2359 det 0.1082 da 0.0610 lane 0.0575 budget 0.0091 147ms/step
[stage D] ep 1 step 2900/4366 loss 0.2358 det 0.1082 da 0.0610 lane 0.0576 budget 0.0090 147ms/step
[stage D] ep 1 step 2950/4366 loss 0.2355 det 0.1082 da 0.0610 lane 0.0575 budget 0.0088 147ms/step
[stage D] ep 1 step 3000/4366 loss 0.2353 det 0.1081 da 0.0610 lane 0.0575 budget 0.0087 147ms/step
[stage D] ep 1 step 3050/4366 loss 0.2352 det 0.1081 da 0.0610 lane 0.0575 budget 0.0085 147ms/step
[stage D] ep 1 step 3100/4366 loss 0.2350 det 0.1081 da 0.0610 lane 0.0575 budget 0.0084 147ms/step
[stage D] ep 1 step 3150/4366 loss 0.2348 det 0.1081 da 0.0610 lane 0.0575 budget 0.0083 147ms/step
[stage D] ep 1 step 3200/4366 loss 0.2347 det 0.1081 da 0.0610 lane 0.0575 budget 0.0082 147ms/step
[stage D] ep 1 step 3250/4366 loss 0.2346 det 0.1081 da 0.0610 lane 0.0574 budget 0.0080 147ms/step
[stage D] ep 1 step 3300/4366 loss 0.2344 det 0.1081 da 0.0610 lane 0.0575 budget 0.0079 147ms/step
[stage D] ep 1 step 3350/4366 loss 0.2343 det 0.1081 da 0.0610 lane 0.0575 budget 0.0078 147ms/step
[stage D] ep 1 step 3400/4366 loss 0.2343 det 0.1081 da 0.0610 lane 0.0574 budget 0.0077 147ms/step
[stage D] ep 1 step 3450/4366 loss 0.2342 det 0.1081 da 0.0611 lane 0.0575 budget 0.0076 147ms/step
[stage D] ep 1 step 3500/4366 loss 0.2341 det 0.1081 da 0.0611 lane 0.0574 budget 0.0075 147ms/step
[stage D] ep 1 step 3550/4366 loss 0.2340 det 0.1080 da 0.0611 lane 0.0574 budget 0.0074 147ms/step
[stage D] ep 1 step 3600/4366 loss 0.2339 det 0.1080 da 0.0611 lane 0.0574 budget 0.0073 147ms/step
[stage D] ep 1 step 3650/4366 loss 0.2338 det 0.1080 da 0.0611 lane 0.0574 budget 0.0072 147ms/step
[stage D] ep 1 step 3700/4366 loss 0.2336 det 0.1081 da 0.0610 lane 0.0574 budget 0.0071 147ms/step
[stage D] ep 1 step 3750/4366 loss 0.2335 det 0.1081 da 0.0610 lane 0.0574 budget 0.0071 147ms/step
[stage D] ep 1 step 3800/4366 loss 0.2335 det 0.1081 da 0.0610 lane 0.0574 budget 0.0070 147ms/step
[stage D] ep 1 step 3850/4366 loss 0.2333 det 0.1080 da 0.0610 lane 0.0574 budget 0.0069 147ms/step
[stage D] ep 1 step 3900/4366 loss 0.2332 det 0.1080 da 0.0610 lane 0.0574 budget 0.0068 147ms/step
[stage D] ep 1 step 3950/4366 loss 0.2331 det 0.1080 da 0.0610 lane 0.0574 budget 0.0067 147ms/step
[stage D] ep 1 step 4000/4366 loss 0.2330 det 0.1080 da 0.0610 lane 0.0574 budget 0.0066 147ms/step
[stage D] ep 1 step 4050/4366 loss 0.2329 det 0.1080 da 0.0610 lane 0.0574 budget 0.0066 147ms/step
[stage D] ep 1 step 4100/4366 loss 0.2328 det 0.1080 da 0.0610 lane 0.0574 budget 0.0065 147ms/step
[stage D] ep 1 step 4150/4366 loss 0.2328 det 0.1080 da 0.0610 lane 0.0574 budget 0.0064 147ms/step
[stage D] ep 1 step 4200/4366 loss 0.2327 det 0.1080 da 0.0610 lane 0.0573 budget 0.0064 147ms/step
[stage D] ep 1 step 4250/4366 loss 0.2326 det 0.1080 da 0.0610 lane 0.0573 budget 0.0063 147ms/step
[stage D] ep 1 step 4300/4366 loss 0.2325 det 0.1080 da 0.0610 lane 0.0573 budget 0.0062 147ms/step
[stage D] ep 1 step 4350/4366 loss 0.2325 det 0.1080 da 0.0610 lane 0.0573 budget 0.0062 147ms/step
[stage D] ep 1 DONE avg_loss=0.2325 saved experiments/expA_equal_budget/dynD_s2/checkpoint.pt
[stage D] ep 2 step 50/4366 loss 0.2208 det 0.1068 da 0.0587 lane 0.0547 budget 0.0005 156ms/step
[stage D] ep 2 step 100/4366 loss 0.2230 det 0.1070 da 0.0591 lane 0.0562 budget 0.0007 153ms/step
[stage D] ep 2 step 150/4366 loss 0.2225 det 0.1072 da 0.0585 lane 0.0562 budget 0.0006 152ms/step
[stage D] ep 2 step 200/4366 loss 0.2228 det 0.1072 da 0.0587 lane 0.0562 budget 0.0006 151ms/step
[stage D] ep 2 step 250/4366 loss 0.2226 det 0.1074 da 0.0581 lane 0.0564 budget 0.0006 151ms/step
[stage D] ep 2 step 300/4366 loss 0.2228 det 0.1075 da 0.0583 lane 0.0564 budget 0.0006 150ms/step
[stage D] ep 2 step 350/4366 loss 0.2235 det 0.1076 da 0.0588 lane 0.0566 budget 0.0006 150ms/step
[stage D] ep 2 step 400/4366 loss 0.2236 det 0.1075 da 0.0590 lane 0.0565 budget 0.0005 150ms/step
[stage D] ep 2 step 450/4366 loss 0.2237 det 0.1076 da 0.0590 lane 0.0566 budget 0.0006 150ms/step
[stage D] ep 2 step 500/4366 loss 0.2239 det 0.1076 da 0.0592 lane 0.0566 budget 0.0005 150ms/step
[stage D] ep 2 step 550/4366 loss 0.2236 det 0.1075 da 0.0590 lane 0.0566 budget 0.0005 150ms/step
[stage D] ep 2 step 600/4366 loss 0.2237 det 0.1074 da 0.0591 lane 0.0566 budget 0.0005 150ms/step
[stage D] ep 2 step 650/4366 loss 0.2239 det 0.1074 da 0.0592 lane 0.0568 budget 0.0005 150ms/step
[stage D] ep 2 step 700/4366 loss 0.2242 det 0.1074 da 0.0593 lane 0.0569 budget 0.0005 150ms/step
[stage D] ep 2 step 750/4366 loss 0.2239 det 0.1074 da 0.0592 lane 0.0568 budget 0.0005 150ms/step
[stage D] ep 2 step 800/4366 loss 0.2239 det 0.1073 da 0.0592 lane 0.0569 budget 0.0005 150ms/step
[stage D] ep 2 step 850/4366 loss 0.2238 det 0.1072 da 0.0593 lane 0.0568 budget 0.0005 150ms/step
[stage D] ep 2 step 900/4366 loss 0.2238 det 0.1072 da 0.0593 lane 0.0568 budget 0.0005 150ms/step
[stage D] ep 2 step 950/4366 loss 0.2240 det 0.1072 da 0.0595 lane 0.0567 budget 0.0005 150ms/step
[stage D] ep 2 step 1000/4366 loss 0.2240 det 0.1071 da 0.0596 lane 0.0567 budget 0.0005 150ms/step
[stage D] ep 2 step 1050/4366 loss 0.2241 det 0.1072 da 0.0595 lane 0.0568 budget 0.0005 150ms/step
[stage D] ep 2 step 1100/4366 loss 0.2238 det 0.1072 da 0.0594 lane 0.0567 budget 0.0005 150ms/step
[stage D] ep 2 step 1150/4366 loss 0.2237 det 0.1071 da 0.0594 lane 0.0566 budget 0.0005 150ms/step
[stage D] ep 2 step 1200/4366 loss 0.2237 det 0.1072 da 0.0594 lane 0.0566 budget 0.0005 150ms/step
[stage D] ep 2 step 1250/4366 loss 0.2237 det 0.1071 da 0.0593 lane 0.0567 budget 0.0005 150ms/step
[stage D] ep 2 step 1300/4366 loss 0.2237 det 0.1071 da 0.0593 lane 0.0567 budget 0.0005 150ms/step
[stage D] ep 2 step 1350/4366 loss 0.2235 det 0.1071 da 0.0592 lane 0.0567 budget 0.0005 150ms/step
[stage D] ep 2 step 1400/4366 loss 0.2235 det 0.1070 da 0.0593 lane 0.0567 budget 0.0005 150ms/step
[stage D] ep 2 step 1450/4366 loss 0.2236 det 0.1070 da 0.0593 lane 0.0567 budget 0.0005 150ms/step
[stage D] ep 2 step 1500/4366 loss 0.2234 det 0.1070 da 0.0592 lane 0.0566 budget 0.0005 150ms/step
[stage D] ep 2 step 1550/4366 loss 0.2234 det 0.1070 da 0.0592 lane 0.0566 budget 0.0005 150ms/step
[stage D] ep 2 step 1600/4366 loss 0.2234 det 0.1070 da 0.0592 lane 0.0567 budget 0.0005 150ms/step
[stage D] ep 2 step 1650/4366 loss 0.2234 det 0.1070 da 0.0592 lane 0.0567 budget 0.0005 150ms/step
[stage D] ep 2 step 1700/4366 loss 0.2235 det 0.1070 da 0.0593 lane 0.0567 budget 0.0005 150ms/step
[stage D] ep 2 step 1750/4366 loss 0.2234 det 0.1070 da 0.0593 lane 0.0567 budget 0.0005 150ms/step
[stage D] ep 2 step 1800/4366 loss 0.2234 det 0.1069 da 0.0592 lane 0.0567 budget 0.0005 150ms/step
[stage D] ep 2 step 1850/4366 loss 0.2234 det 0.1070 da 0.0592 lane 0.0567 budget 0.0005 150ms/step
[stage D] ep 2 step 1900/4366 loss 0.2234 det 0.1070 da 0.0592 lane 0.0567 budget 0.0005 150ms/step
[stage D] ep 2 step 1950/4366 loss 0.2235 det 0.1070 da 0.0593 lane 0.0567 budget 0.0005 150ms/step
[stage D] ep 2 step 2000/4366 loss 0.2235 det 0.1070 da 0.0593 lane 0.0567 budget 0.0005 150ms/step
[stage D] ep 2 step 2050/4366 loss 0.2236 det 0.1070 da 0.0594 lane 0.0567 budget 0.0005 150ms/step
[stage D] ep 2 step 2100/4366 loss 0.2236 det 0.1070 da 0.0594 lane 0.0567 budget 0.0005 150ms/step
[stage D] ep 2 step 2150/4366 loss 0.2236 det 0.1070 da 0.0593 lane 0.0567 budget 0.0005 150ms/step
[stage D] ep 2 step 2200/4366 loss 0.2237 det 0.1070 da 0.0594 lane 0.0567 budget 0.0005 150ms/step
[stage D] ep 2 step 2250/4366 loss 0.2237 det 0.1071 da 0.0594 lane 0.0567 budget 0.0005 150ms/step
[stage D] ep 2 step 2300/4366 loss 0.2237 det 0.1070 da 0.0595 lane 0.0567 budget 0.0005 150ms/step
[stage D] ep 2 step 2350/4366 loss 0.2238 det 0.1070 da 0.0595 lane 0.0567 budget 0.0005 150ms/step
[stage D] ep 2 step 2400/4366 loss 0.2237 det 0.1070 da 0.0595 lane 0.0567 budget 0.0005 150ms/step
[stage D] ep 2 step 2450/4366 loss 0.2238 det 0.1070 da 0.0595 lane 0.0567 budget 0.0005 150ms/step
[stage D] ep 2 step 2500/4366 loss 0.2238 det 0.1070 da 0.0595 lane 0.0567 budget 0.0005 150ms/step
[stage D] ep 2 step 2550/4366 loss 0.2238 det 0.1070 da 0.0595 lane 0.0567 budget 0.0005 150ms/step
[stage D] ep 2 step 2600/4366 loss 0.2238 det 0.1070 da 0.0596 lane 0.0568 budget 0.0005 150ms/step
[stage D] ep 2 step 2650/4366 loss 0.2238 det 0.1070 da 0.0596 lane 0.0567 budget 0.0005 150ms/step
[stage D] ep 2 step 2700/4366 loss 0.2238 det 0.1070 da 0.0595 lane 0.0567 budget 0.0005 150ms/step
[stage D] ep 2 step 2750/4366 loss 0.2237 det 0.1070 da 0.0595 lane 0.0567 budget 0.0005 150ms/step
[stage D] ep 2 step 2800/4366 loss 0.2237 det 0.1069 da 0.0595 lane 0.0567 budget 0.0005 150ms/step
[stage D] ep 2 step 2850/4366 loss 0.2236 det 0.1070 da 0.0594 lane 0.0567 budget 0.0005 150ms/step
[stage D] ep 2 step 2900/4366 loss 0.2237 det 0.1070 da 0.0595 lane 0.0567 budget 0.0005 150ms/step
[stage D] ep 2 step 2950/4366 loss 0.2236 det 0.1070 da 0.0595 lane 0.0567 budget 0.0005 150ms/step
[stage D] ep 2 step 3000/4366 loss 0.2237 det 0.1070 da 0.0595 lane 0.0567 budget 0.0005 150ms/step
[stage D] ep 2 step 3050/4366 loss 0.2237 det 0.1070 da 0.0596 lane 0.0567 budget 0.0005 150ms/step
[stage D] ep 2 step 3100/4366 loss 0.2237 det 0.1070 da 0.0596 lane 0.0567 budget 0.0005 150ms/step
[stage D] ep 2 step 3150/4366 loss 0.2237 det 0.1070 da 0.0596 lane 0.0567 budget 0.0005 150ms/step
[stage D] ep 2 step 3200/4366 loss 0.2237 det 0.1070 da 0.0595 lane 0.0567 budget 0.0005 150ms/step
[stage D] ep 2 step 3250/4366 loss 0.2237 det 0.1070 da 0.0595 lane 0.0567 budget 0.0005 150ms/step
[stage D] ep 2 step 3300/4366 loss 0.2237 det 0.1070 da 0.0595 lane 0.0567 budget 0.0005 150ms/step
[stage D] ep 2 step 3350/4366 loss 0.2238 det 0.1070 da 0.0596 lane 0.0567 budget 0.0005 150ms/step
[stage D] ep 2 step 3400/4366 loss 0.2237 det 0.1069 da 0.0595 lane 0.0567 budget 0.0005 150ms/step
[stage D] ep 2 step 3450/4366 loss 0.2238 det 0.1069 da 0.0596 lane 0.0567 budget 0.0005 150ms/step
[stage D] ep 2 step 3500/4366 loss 0.2238 det 0.1070 da 0.0596 lane 0.0567 budget 0.0005 150ms/step
[stage D] ep 2 step 3550/4366 loss 0.2237 det 0.1069 da 0.0596 lane 0.0567 budget 0.0005 150ms/step
[stage D] ep 2 step 3600/4366 loss 0.2237 det 0.1069 da 0.0596 lane 0.0567 budget 0.0005 150ms/step
[stage D] ep 2 step 3650/4366 loss 0.2237 det 0.1069 da 0.0595 lane 0.0567 budget 0.0005 150ms/step
[stage D] ep 2 step 3700/4366 loss 0.2237 det 0.1069 da 0.0596 lane 0.0567 budget 0.0005 150ms/step
[stage D] ep 2 step 3750/4366 loss 0.2237 det 0.1069 da 0.0596 lane 0.0567 budget 0.0005 150ms/step
[stage D] ep 2 step 3800/4366 loss 0.2237 det 0.1069 da 0.0596 lane 0.0567 budget 0.0005 150ms/step
[stage D] ep 2 step 3850/4366 loss 0.2237 det 0.1069 da 0.0596 lane 0.0567 budget 0.0005 150ms/step
[stage D] ep 2 step 3900/4366 loss 0.2237 det 0.1069 da 0.0596 lane 0.0567 budget 0.0005 150ms/step
[stage D] ep 2 step 3950/4366 loss 0.2236 det 0.1069 da 0.0596 lane 0.0567 budget 0.0005 150ms/step
[stage D] ep 2 step 4000/4366 loss 0.2236 det 0.1069 da 0.0596 lane 0.0567 budget 0.0005 150ms/step
[stage D] ep 2 step 4050/4366 loss 0.2236 det 0.1069 da 0.0596 lane 0.0567 budget 0.0005 150ms/step
[stage D] ep 2 step 4100/4366 loss 0.2237 det 0.1069 da 0.0596 lane 0.0567 budget 0.0005 150ms/step
[stage D] ep 2 step 4150/4366 loss 0.2236 det 0.1068 da 0.0596 lane 0.0567 budget 0.0005 150ms/step
[stage D] ep 2 step 4200/4366 loss 0.2236 det 0.1068 da 0.0596 lane 0.0567 budget 0.0005 150ms/step
[stage D] ep 2 step 4250/4366 loss 0.2236 det 0.1068 da 0.0596 lane 0.0567 budget 0.0005 150ms/step
[stage D] ep 2 step 4300/4366 loss 0.2236 det 0.1068 da 0.0596 lane 0.0567 budget 0.0005 150ms/step
[stage D] ep 2 step 4350/4366 loss 0.2236 det 0.1068 da 0.0596 lane 0.0567 budget 0.0005 150ms/step
[stage D] ep 2 DONE avg_loss=0.2236 saved experiments/expA_equal_budget/dynD_s2/checkpoint.pt
[train] done -> experiments/expA_equal_budget/dynD_s2
