[train] static model at fixed width 0.45
[train] stage=A adaptive=False params=0.230M
/home/mycode/ai_study/trac/training/train.py:91: UserWarning: Converting a tensor with requires_grad=True to a scalar may lead to unexpected behavior.
Consider using tensor.detach() first. (Triggered internally at /pytorch/torch/csrc/autograd/generated/python_variable_methods.cpp:836.)
  running[k] = running.get(k, 0.0) + float(v)
[stage A] ep 1 step 50/4366 loss 1.1336 det 0.1847 da 0.4073 lane 0.5415 budget 0.0000 145ms/step
[stage A] ep 1 step 100/4366 loss 0.9547 det 0.1741 da 0.3427 lane 0.4379 budget 0.0000 128ms/step
[stage A] ep 1 step 150/4366 loss 0.8350 det 0.1671 da 0.3045 lane 0.3634 budget 0.0000 123ms/step
[stage A] ep 1 step 200/4366 loss 0.7540 det 0.1628 da 0.2778 lane 0.3134 budget 0.0000 120ms/step
[stage A] ep 1 step 250/4366 loss 0.6967 det 0.1592 da 0.2596 lane 0.2778 budget 0.0000 119ms/step
[stage A] ep 1 step 300/4366 loss 0.6547 det 0.1567 da 0.2460 lane 0.2520 budget 0.0000 118ms/step
[stage A] ep 1 step 350/4366 loss 0.6228 det 0.1546 da 0.2352 lane 0.2330 budget 0.0000 117ms/step
[stage A] ep 1 step 400/4366 loss 0.5972 det 0.1530 da 0.2264 lane 0.2178 budget 0.0000 117ms/step
[stage A] ep 1 step 450/4366 loss 0.5766 det 0.1516 da 0.2196 lane 0.2054 budget 0.0000 116ms/step
[stage A] ep 1 step 500/4366 loss 0.5590 det 0.1503 da 0.2132 lane 0.1955 budget 0.0000 116ms/step
[stage A] ep 1 step 550/4366 loss 0.5438 det 0.1494 da 0.2076 lane 0.1868 budget 0.0000 116ms/step
[stage A] ep 1 step 600/4366 loss 0.5312 det 0.1485 da 0.2030 lane 0.1797 budget 0.0000 116ms/step
[stage A] ep 1 step 650/4366 loss 0.5198 det 0.1477 da 0.1989 lane 0.1733 budget 0.0000 116ms/step
[stage A] ep 1 step 700/4366 loss 0.5098 det 0.1469 da 0.1949 lane 0.1680 budget 0.0000 115ms/step
[stage A] ep 1 step 750/4366 loss 0.5011 det 0.1463 da 0.1916 lane 0.1632 budget 0.0000 115ms/step
[stage A] ep 1 step 800/4366 loss 0.4935 det 0.1456 da 0.1887 lane 0.1591 budget 0.0000 115ms/step
[stage A] ep 1 step 850/4366 loss 0.4863 det 0.1451 da 0.1857 lane 0.1556 budget 0.0000 115ms/step
[stage A] ep 1 step 900/4366 loss 0.4796 det 0.1445 da 0.1829 lane 0.1521 budget 0.0000 115ms/step
[stage A] ep 1 step 950/4366 loss 0.4733 det 0.1440 da 0.1802 lane 0.1491 budget 0.0000 115ms/step
[stage A] ep 1 step 1000/4366 loss 0.4673 det 0.1435 da 0.1774 lane 0.1464 budget 0.0000 115ms/step
[stage A] ep 1 step 1050/4366 loss 0.4620 det 0.1430 da 0.1750 lane 0.1439 budget 0.0000 115ms/step
[stage A] ep 1 step 1100/4366 loss 0.4575 det 0.1427 da 0.1732 lane 0.1417 budget 0.0000 115ms/step
[stage A] ep 1 step 1150/4366 loss 0.4531 det 0.1423 da 0.1713 lane 0.1395 budget 0.0000 115ms/step
[stage A] ep 1 step 1200/4366 loss 0.4489 det 0.1419 da 0.1695 lane 0.1375 budget 0.0000 115ms/step
[stage A] ep 1 step 1250/4366 loss 0.4450 det 0.1415 da 0.1678 lane 0.1357 budget 0.0000 115ms/step
[stage A] ep 1 step 1300/4366 loss 0.4415 det 0.1411 da 0.1663 lane 0.1340 budget 0.0000 115ms/step
[stage A] ep 1 step 1350/4366 loss 0.4380 det 0.1408 da 0.1649 lane 0.1324 budget 0.0000 115ms/step
[stage A] ep 1 step 1400/4366 loss 0.4347 det 0.1404 da 0.1634 lane 0.1308 budget 0.0000 115ms/step
[stage A] ep 1 step 1450/4366 loss 0.4317 det 0.1401 da 0.1622 lane 0.1294 budget 0.0000 115ms/step
[stage A] ep 1 step 1500/4366 loss 0.4287 det 0.1399 da 0.1608 lane 0.1281 budget 0.0000 115ms/step
[stage A] ep 1 step 1550/4366 loss 0.4258 det 0.1396 da 0.1594 lane 0.1269 budget 0.0000 116ms/step
[stage A] ep 1 step 1600/4366 loss 0.4229 det 0.1393 da 0.1579 lane 0.1257 budget 0.0000 116ms/step
[stage A] ep 1 step 1650/4366 loss 0.4204 det 0.1391 da 0.1568 lane 0.1246 budget 0.0000 116ms/step
[stage A] ep 1 step 1700/4366 loss 0.4179 det 0.1388 da 0.1556 lane 0.1235 budget 0.0000 116ms/step
[stage A] ep 1 step 1750/4366 loss 0.4154 det 0.1385 da 0.1544 lane 0.1225 budget 0.0000 116ms/step
[stage A] ep 1 step 1800/4366 loss 0.4130 det 0.1383 da 0.1532 lane 0.1215 budget 0.0000 116ms/step
[stage A] ep 1 step 1850/4366 loss 0.4109 det 0.1381 da 0.1522 lane 0.1205 budget 0.0000 116ms/step
[stage A] ep 1 step 1900/4366 loss 0.4088 det 0.1379 da 0.1512 lane 0.1197 budget 0.0000 117ms/step
[stage A] ep 1 step 1950/4366 loss 0.4067 det 0.1377 da 0.1502 lane 0.1188 budget 0.0000 117ms/step
[stage A] ep 1 step 2000/4366 loss 0.4049 det 0.1375 da 0.1493 lane 0.1181 budget 0.0000 117ms/step
[stage A] ep 1 step 2050/4366 loss 0.4032 det 0.1373 da 0.1486 lane 0.1173 budget 0.0000 117ms/step
[stage A] ep 1 step 2100/4366 loss 0.4014 det 0.1371 da 0.1477 lane 0.1166 budget 0.0000 118ms/step
[stage A] ep 1 step 2150/4366 loss 0.3996 det 0.1369 da 0.1468 lane 0.1158 budget 0.0000 118ms/step
[stage A] ep 1 step 2200/4366 loss 0.3979 det 0.1368 da 0.1460 lane 0.1151 budget 0.0000 118ms/step
[stage A] ep 1 step 2250/4366 loss 0.3963 det 0.1366 da 0.1452 lane 0.1145 budget 0.0000 118ms/step
[stage A] ep 1 step 2300/4366 loss 0.3947 det 0.1364 da 0.1445 lane 0.1138 budget 0.0000 118ms/step
[stage A] ep 1 step 2350/4366 loss 0.3932 det 0.1362 da 0.1438 lane 0.1132 budget 0.0000 118ms/step
[stage A] ep 1 step 2400/4366 loss 0.3916 det 0.1361 da 0.1430 lane 0.1125 budget 0.0000 118ms/step
[stage A] ep 1 step 2450/4366 loss 0.3902 det 0.1359 da 0.1423 lane 0.1120 budget 0.0000 118ms/step
[stage A] ep 1 step 2500/4366 loss 0.3888 det 0.1357 da 0.1417 lane 0.1114 budget 0.0000 118ms/step
[stage A] ep 1 step 2550/4366 loss 0.3874 det 0.1356 da 0.1410 lane 0.1109 budget 0.0000 118ms/step
[stage A] ep 1 step 2600/4366 loss 0.3860 det 0.1354 da 0.1403 lane 0.1103 budget 0.0000 118ms/step
[stage A] ep 1 step 2650/4366 loss 0.3848 det 0.1352 da 0.1397 lane 0.1098 budget 0.0000 118ms/step
[stage A] ep 1 step 2700/4366 loss 0.3835 det 0.1351 da 0.1391 lane 0.1093 budget 0.0000 119ms/step
[stage A] ep 1 step 2750/4366 loss 0.3822 det 0.1349 da 0.1385 lane 0.1088 budget 0.0000 119ms/step
[stage A] ep 1 step 2800/4366 loss 0.3810 det 0.1348 da 0.1379 lane 0.1083 budget 0.0000 119ms/step
[stage A] ep 1 step 2850/4366 loss 0.3798 det 0.1346 da 0.1373 lane 0.1078 budget 0.0000 119ms/step
[stage A] ep 1 step 2900/4366 loss 0.3786 det 0.1345 da 0.1367 lane 0.1074 budget 0.0000 119ms/step
[stage A] ep 1 step 2950/4366 loss 0.3775 det 0.1344 da 0.1362 lane 0.1070 budget 0.0000 119ms/step
[stage A] ep 1 step 3000/4366 loss 0.3763 det 0.1342 da 0.1356 lane 0.1065 budget 0.0000 119ms/step
[stage A] ep 1 step 3050/4366 loss 0.3752 det 0.1341 da 0.1350 lane 0.1061 budget 0.0000 119ms/step
[stage A] ep 1 step 3100/4366 loss 0.3741 det 0.1340 da 0.1344 lane 0.1057 budget 0.0000 119ms/step
[stage A] ep 1 step 3150/4366 loss 0.3730 det 0.1339 da 0.1338 lane 0.1053 budget 0.0000 119ms/step
[stage A] ep 1 step 3200/4366 loss 0.3720 det 0.1337 da 0.1333 lane 0.1050 budget 0.0000 119ms/step
[stage A] ep 1 step 3250/4366 loss 0.3709 det 0.1336 da 0.1327 lane 0.1046 budget 0.0000 119ms/step
[stage A] ep 1 step 3300/4366 loss 0.3699 det 0.1335 da 0.1322 lane 0.1042 budget 0.0000 119ms/step
[stage A] ep 1 step 3350/4366 loss 0.3689 det 0.1334 da 0.1317 lane 0.1039 budget 0.0000 119ms/step
[stage A] ep 1 step 3400/4366 loss 0.3680 det 0.1332 da 0.1312 lane 0.1036 budget 0.0000 118ms/step
[stage A] ep 1 step 3450/4366 loss 0.3672 det 0.1331 da 0.1309 lane 0.1032 budget 0.0000 118ms/step
[stage A] ep 1 step 3500/4366 loss 0.3663 det 0.1330 da 0.1304 lane 0.1029 budget 0.0000 118ms/step
[stage A] ep 1 step 3550/4366 loss 0.3655 det 0.1329 da 0.1299 lane 0.1027 budget 0.0000 118ms/step
[stage A] ep 1 step 3600/4366 loss 0.3647 det 0.1328 da 0.1295 lane 0.1024 budget 0.0000 118ms/step
[stage A] ep 1 step 3650/4366 loss 0.3638 det 0.1327 da 0.1290 lane 0.1021 budget 0.0000 118ms/step
[stage A] ep 1 step 3700/4366 loss 0.3630 det 0.1326 da 0.1286 lane 0.1018 budget 0.0000 118ms/step
[stage A] ep 1 step 3750/4366 loss 0.3622 det 0.1324 da 0.1282 lane 0.1015 budget 0.0000 118ms/step
[stage A] ep 1 step 3800/4366 loss 0.3614 det 0.1323 da 0.1278 lane 0.1013 budget 0.0000 118ms/step
[stage A] ep 1 step 3850/4366 loss 0.3606 det 0.1322 da 0.1274 lane 0.1010 budget 0.0000 118ms/step
[stage A] ep 1 step 3900/4366 loss 0.3598 det 0.1321 da 0.1269 lane 0.1007 budget 0.0000 118ms/step
[stage A] ep 1 step 3950/4366 loss 0.3590 det 0.1320 da 0.1265 lane 0.1005 budget 0.0000 118ms/step
[stage A] ep 1 step 4000/4366 loss 0.3582 det 0.1319 da 0.1261 lane 0.1002 budget 0.0000 118ms/step
[stage A] ep 1 step 4050/4366 loss 0.3575 det 0.1318 da 0.1257 lane 0.0999 budget 0.0000 118ms/step
[stage A] ep 1 step 4100/4366 loss 0.3567 det 0.1317 da 0.1254 lane 0.0997 budget 0.0000 118ms/step
[stage A] ep 1 step 4150/4366 loss 0.3559 det 0.1316 da 0.1249 lane 0.0994 budget 0.0000 118ms/step
[stage A] ep 1 step 4200/4366 loss 0.3552 det 0.1315 da 0.1245 lane 0.0992 budget 0.0000 118ms/step
[stage A] ep 1 step 4250/4366 loss 0.3545 det 0.1314 da 0.1242 lane 0.0989 budget 0.0000 118ms/step
[stage A] ep 1 step 4300/4366 loss 0.3537 det 0.1313 da 0.1237 lane 0.0986 budget 0.0000 118ms/step
[stage A] ep 1 step 4350/4366 loss 0.3531 det 0.1312 da 0.1234 lane 0.0984 budget 0.0000 118ms/step
[stage A] ep 1 DONE avg_loss=0.3529 saved experiments/expA_equal_budget/static_eb_s1/checkpoint.pt
[stage A] ep 2 step 50/4366 loss 0.2946 det 0.1245 da 0.0930 lane 0.0771 budget 0.0000 127ms/step
[stage A] ep 2 step 100/4366 loss 0.2959 det 0.1240 da 0.0943 lane 0.0776 budget 0.0000 124ms/step
[stage A] ep 2 step 150/4366 loss 0.2958 det 0.1238 da 0.0934 lane 0.0786 budget 0.0000 122ms/step
[stage A] ep 2 step 200/4366 loss 0.2958 det 0.1236 da 0.0941 lane 0.0782 budget 0.0000 122ms/step
[stage A] ep 2 step 250/4366 loss 0.2954 det 0.1232 da 0.0940 lane 0.0781 budget 0.0000 122ms/step
[stage A] ep 2 step 300/4366 loss 0.2940 det 0.1233 da 0.0927 lane 0.0781 budget 0.0000 121ms/step
[stage A] ep 2 step 350/4366 loss 0.2941 det 0.1230 da 0.0931 lane 0.0779 budget 0.0000 121ms/step
[stage A] ep 2 step 400/4366 loss 0.2940 det 0.1230 da 0.0930 lane 0.0780 budget 0.0000 121ms/step
[stage A] ep 2 step 450/4366 loss 0.2939 det 0.1230 da 0.0931 lane 0.0779 budget 0.0000 121ms/step
[stage A] ep 2 step 500/4366 loss 0.2930 det 0.1229 da 0.0925 lane 0.0776 budget 0.0000 120ms/step
[stage A] ep 2 step 550/4366 loss 0.2927 det 0.1227 da 0.0924 lane 0.0776 budget 0.0000 120ms/step
[stage A] ep 2 step 600/4366 loss 0.2926 det 0.1227 da 0.0923 lane 0.0776 budget 0.0000 120ms/step
[stage A] ep 2 step 650/4366 loss 0.2920 det 0.1226 da 0.0920 lane 0.0774 budget 0.0000 120ms/step
[stage A] ep 2 step 700/4366 loss 0.2917 det 0.1225 da 0.0918 lane 0.0774 budget 0.0000 120ms/step
[stage A] ep 2 step 750/4366 loss 0.2911 det 0.1224 da 0.0915 lane 0.0773 budget 0.0000 120ms/step
[stage A] ep 2 step 800/4366 loss 0.2910 det 0.1223 da 0.0914 lane 0.0773 budget 0.0000 120ms/step
[stage A] ep 2 step 850/4366 loss 0.2906 det 0.1222 da 0.0911 lane 0.0773 budget 0.0000 120ms/step
[stage A] ep 2 step 900/4366 loss 0.2901 det 0.1221 da 0.0908 lane 0.0772 budget 0.0000 120ms/step
[stage A] ep 2 step 950/4366 loss 0.2899 det 0.1220 da 0.0907 lane 0.0772 budget 0.0000 120ms/step
[stage A] ep 2 step 1000/4366 loss 0.2898 det 0.1220 da 0.0906 lane 0.0772 budget 0.0000 120ms/step
[stage A] ep 2 step 1050/4366 loss 0.2899 det 0.1220 da 0.0908 lane 0.0771 budget 0.0000 119ms/step
[stage A] ep 2 step 1100/4366 loss 0.2898 det 0.1219 da 0.0908 lane 0.0771 budget 0.0000 119ms/step
[stage A] ep 2 step 1150/4366 loss 0.2899 det 0.1219 da 0.0909 lane 0.0771 budget 0.0000 119ms/step
[stage A] ep 2 step 1200/4366 loss 0.2899 det 0.1218 da 0.0909 lane 0.0772 budget 0.0000 119ms/step
[stage A] ep 2 step 1250/4366 loss 0.2894 det 0.1218 da 0.0906 lane 0.0771 budget 0.0000 119ms/step
[stage A] ep 2 step 1300/4366 loss 0.2893 det 0.1217 da 0.0906 lane 0.0770 budget 0.0000 119ms/step
[stage A] ep 2 step 1350/4366 loss 0.2891 det 0.1217 da 0.0903 lane 0.0770 budget 0.0000 119ms/step
[stage A] ep 2 step 1400/4366 loss 0.2889 det 0.1217 da 0.0903 lane 0.0770 budget 0.0000 119ms/step
[stage A] ep 2 step 1450/4366 loss 0.2887 det 0.1216 da 0.0901 lane 0.0770 budget 0.0000 119ms/step
[stage A] ep 2 step 1500/4366 loss 0.2884 det 0.1216 da 0.0899 lane 0.0770 budget 0.0000 119ms/step
[stage A] ep 2 step 1550/4366 loss 0.2883 det 0.1216 da 0.0897 lane 0.0770 budget 0.0000 119ms/step
[stage A] ep 2 step 1600/4366 loss 0.2880 det 0.1215 da 0.0896 lane 0.0769 budget 0.0000 119ms/step
[stage A] ep 2 step 1650/4366 loss 0.2878 det 0.1214 da 0.0894 lane 0.0770 budget 0.0000 119ms/step
[stage A] ep 2 step 1700/4366 loss 0.2876 det 0.1213 da 0.0893 lane 0.0770 budget 0.0000 119ms/step
[stage A] ep 2 step 1750/4366 loss 0.2876 det 0.1213 da 0.0892 lane 0.0770 budget 0.0000 119ms/step
[stage A] ep 2 step 1800/4366 loss 0.2875 det 0.1212 da 0.0893 lane 0.0770 budget 0.0000 119ms/step
[stage A] ep 2 step 1850/4366 loss 0.2874 det 0.1212 da 0.0892 lane 0.0770 budget 0.0000 119ms/step
[stage A] ep 2 step 1900/4366 loss 0.2872 det 0.1212 da 0.0891 lane 0.0769 budget 0.0000 119ms/step
[stage A] ep 2 step 1950/4366 loss 0.2871 det 0.1211 da 0.0890 lane 0.0769 budget 0.0000 119ms/step
[stage A] ep 2 step 2000/4366 loss 0.2869 det 0.1211 da 0.0890 lane 0.0768 budget 0.0000 119ms/step
[stage A] ep 2 step 2050/4366 loss 0.2868 det 0.1211 da 0.0889 lane 0.0768 budget 0.0000 119ms/step
[stage A] ep 2 step 2100/4366 loss 0.2867 det 0.1211 da 0.0889 lane 0.0768 budget 0.0000 119ms/step
[stage A] ep 2 step 2150/4366 loss 0.2866 det 0.1210 da 0.0887 lane 0.0768 budget 0.0000 119ms/step
[stage A] ep 2 step 2200/4366 loss 0.2865 det 0.1210 da 0.0887 lane 0.0768 budget 0.0000 119ms/step
[stage A] ep 2 step 2250/4366 loss 0.2863 det 0.1210 da 0.0886 lane 0.0767 budget 0.0000 119ms/step
[stage A] ep 2 step 2300/4366 loss 0.2862 det 0.1210 da 0.0885 lane 0.0767 budget 0.0000 119ms/step
[stage A] ep 2 step 2350/4366 loss 0.2860 det 0.1209 da 0.0884 lane 0.0767 budget 0.0000 119ms/step
[stage A] ep 2 step 2400/4366 loss 0.2858 det 0.1209 da 0.0883 lane 0.0766 budget 0.0000 119ms/step
[stage A] ep 2 step 2450/4366 loss 0.2858 det 0.1208 da 0.0884 lane 0.0765 budget 0.0000 119ms/step
[stage A] ep 2 step 2500/4366 loss 0.2856 det 0.1208 da 0.0884 lane 0.0765 budget 0.0000 119ms/step
[stage A] ep 2 step 2550/4366 loss 0.2855 det 0.1208 da 0.0883 lane 0.0764 budget 0.0000 119ms/step
[stage A] ep 2 step 2600/4366 loss 0.2855 det 0.1207 da 0.0884 lane 0.0764 budget 0.0000 119ms/step
[stage A] ep 2 step 2650/4366 loss 0.2853 det 0.1207 da 0.0883 lane 0.0763 budget 0.0000 119ms/step
[stage A] ep 2 step 2700/4366 loss 0.2851 det 0.1206 da 0.0881 lane 0.0763 budget 0.0000 119ms/step
[stage A] ep 2 step 2750/4366 loss 0.2849 det 0.1206 da 0.0880 lane 0.0763 budget 0.0000 119ms/step
[stage A] ep 2 step 2800/4366 loss 0.2847 det 0.1205 da 0.0879 lane 0.0763 budget 0.0000 119ms/step
[stage A] ep 2 step 2850/4366 loss 0.2846 det 0.1205 da 0.0878 lane 0.0763 budget 0.0000 119ms/step
[stage A] ep 2 step 2900/4366 loss 0.2844 det 0.1205 da 0.0878 lane 0.0762 budget 0.0000 119ms/step
[stage A] ep 2 step 2950/4366 loss 0.2843 det 0.1204 da 0.0877 lane 0.0762 budget 0.0000 119ms/step
[stage A] ep 2 step 3000/4366 loss 0.2842 det 0.1204 da 0.0876 lane 0.0762 budget 0.0000 119ms/step
[stage A] ep 2 step 3050/4366 loss 0.2840 det 0.1203 da 0.0875 lane 0.0761 budget 0.0000 119ms/step
[stage A] ep 2 step 3100/4366 loss 0.2839 det 0.1203 da 0.0874 lane 0.0761 budget 0.0000 119ms/step
[stage A] ep 2 step 3150/4366 loss 0.2837 det 0.1203 da 0.0874 lane 0.0761 budget 0.0000 119ms/step
[stage A] ep 2 step 3200/4366 loss 0.2835 det 0.1203 da 0.0872 lane 0.0760 budget 0.0000 119ms/step
