[ours] detected SHARED router
[ours] loaded experiments/exp_train_shared_D/checkpoint.pt: missing=0 unexpected=0
[profile] params=0.235M flops=0.819G lat=5.07ms fps=197.3 mem=36.3MiB
  [1000/10000] fwd 7.1ms/img elapsed 21s
  [2000/10000] fwd 7.5ms/img elapsed 44s
  [3000/10000] fwd 7.5ms/img elapsed 66s
  [4000/10000] fwd 7.4ms/img elapsed 88s
  [5000/10000] fwd 7.5ms/img elapsed 110s
  [6000/10000] fwd 7.4ms/img elapsed 132s
  [7000/10000] fwd 7.4ms/img elapsed 154s
  [8000/10000] fwd 7.5ms/img elapsed 177s
  [9000/10000] fwd 7.4ms/img elapsed 198s
  [10000/10000] fwd 7.4ms/img elapsed 220s
[eval] 10000 images, forward 7.4ms/img (CUDA-synced), total 220s
{
  "model": "OursDynamic-experiments/exp_train_shared_D/checkpoint.pt",
  "split": "tri_val",
  "input_size": [
    640,
    640
  ],
  "eval_fwd_ms": 7.419,
  "eval_fps": 134.79,
  "mAP50": 0.2463,
  "mAP50_95": 0.0796,
  "det_n_gt": 108363,
  "det_n_pred": 2703609,
  "da_pixel_acc": 0.9403,
  "da_fg_iou": 0.7381,
  "da_mIoU": 0.8332,
  "lane_pixel_acc": 0.9827,
  "lane_fg_iou": 0.1689,
  "lane_mIoU": 0.5758,
  "lane_line_acc": 0.7056,
  "parameters": 234780,
  "flops": 818773504.0,
  "model_size_mb": 0.939,
  "avg_latency_ms": 5.068,
  "p50_latency_ms": 3.274,
  "p95_latency_ms": 10.223,
  "fps": 197.3,
  "gpu_memory_mib": 36.3
}
allocation stats (per-task budget index distribution):
  det : {0: 5145, 1: 2948, 2: 1907}
  da  : {0: 5145, 1: 2948, 2: 1907}
  lane: {0: 5145, 1: 2948, 2: 1907}
saved -> experiments/exp_shared_vs_taskwise/methodA_shared/metrics.json
